Component: ARM Compiler 5.06 update 6 (build 750) Tool: armlink [4d35ed]

==============================================================================

Section Cross References

    main.o(i.hal_init) refers to memcpya.o(.text) for __aeabi_memcpy4
    main.o(i.hal_init) refers to gpio.o(i.hal_gpio_pull_set) for hal_gpio_pull_set
    main.o(i.hal_init) refers to pwrmgr.o(i.hal_pwrmgr_RAM_retention) for hal_pwrmgr_RAM_retention
    main.o(i.hal_init) refers to pwrmgr.o(i.hal_pwrmgr_RAM_retention_set) for hal_pwrmgr_RAM_retention_set
    main.o(i.hal_init) refers to pwrmgr.o(i.hal_pwrmgr_LowCurrentLdo_enable) for hal_pwrmgr_LowCurrentLdo_enable
    main.o(i.hal_init) refers to clock.o(i.hal_rtc_clock_config) for hal_rtc_clock_config
    main.o(i.hal_init) refers to pwrmgr.o(i.hal_pwrmgr_init) for hal_pwrmgr_init
    main.o(i.hal_init) refers to flash.o(i.hal_spif_cache_init) for hal_spif_cache_init
    main.o(i.hal_init) refers to gpio.o(i.hal_gpio_init) for hal_gpio_init
    main.o(i.hal_init) refers to main.o(.constdata) for .constdata
    main.o(i.hal_init) refers to main.o(.data) for .data
    main.o(i.hal_rfphy_init) refers to patch.o(i.hal_rom_boot_init) for hal_rom_boot_init
    main.o(i.hal_rfphy_init) refers to main.o(i.__NVIC_SetPriority) for __NVIC_SetPriority
    main.o(i.hal_rfphy_init) refers to main.o(.bss) for .bss
    main.o(i.main) refers to patch.o(_section_xip_code_) for init_config
    main.o(i.main) refers to main.o(i.hal_rfphy_init) for hal_rfphy_init
    main.o(i.main) refers to main.o(i.hal_init) for hal_init
    main.o(i.main) refers to pwm_light_main.o(i.app_main) for app_main
    main.o(i.main) refers to main.o(.data) for .data
    uart.o(i.hal_UART0_IRQHandler) refers to uart.o(i.irq_rx_handler) for irq_rx_handler
    uart.o(i.hal_UART0_IRQHandler) refers to uart.o(i.irq_tx_empty_handler) for irq_tx_empty_handler
    uart.o(i.hal_UART1_IRQHandler) refers to uart.o(i.irq_rx_handler) for irq_rx_handler
    uart.o(i.hal_UART1_IRQHandler) refers to uart.o(i.irq_tx_empty_handler) for irq_tx_empty_handler
    uart.o(i.hal_uart_deinit) refers to uart.o(i.uart_hw_deinit) for uart_hw_deinit
    uart.o(i.hal_uart_deinit) refers to memseta.o(.text) for __aeabi_memclr4
    uart.o(i.hal_uart_deinit) refers to pwrmgr.o(i.hal_pwrmgr_unregister) for hal_pwrmgr_unregister
    uart.o(i.hal_uart_deinit) refers to uart.o(.bss) for .bss
    uart.o(i.hal_uart_get_tx_ready) refers to uart.o(.bss) for .bss
    uart.o(i.hal_uart_init) refers to memseta.o(.text) for __aeabi_memclr4
    uart.o(i.hal_uart_init) refers to uart.o(i.uart_hw_init) for uart_hw_init
    uart.o(i.hal_uart_init) refers to pwrmgr.o(i.hal_pwrmgr_register) for hal_pwrmgr_register
    uart.o(i.hal_uart_init) refers to uart.o(.bss) for .bss
    uart.o(i.hal_uart_init) refers to uart.o(i.uart_wakeup_process_1) for uart_wakeup_process_1
    uart.o(i.hal_uart_init) refers to uart.o(i.uart_wakeup_process_0) for uart_wakeup_process_0
    uart.o(i.hal_uart_send_buff) refers to uart.o(i.txmit_buf_use_tx_buf) for txmit_buf_use_tx_buf
    uart.o(i.hal_uart_send_buff) refers to uart.o(i.txmit_buf_polling) for txmit_buf_polling
    uart.o(i.hal_uart_send_buff) refers to uart.o(.bss) for .bss
    uart.o(i.hal_uart_set_tx_buf) refers to uart.o(.bss) for .bss
    uart.o(i.irq_rx_handler) refers to uart.o(.bss) for .bss
    uart.o(i.irq_tx_empty_handler) refers to pwrmgr.o(i.hal_pwrmgr_unlock) for hal_pwrmgr_unlock
    uart.o(i.irq_tx_empty_handler) refers to uart.o(.bss) for .bss
    uart.o(i.irq_tx_empty_handler) refers to uart.o(.constdata) for .constdata
    uart.o(i.txmit_buf_use_tx_buf) refers to memcpya.o(.text) for __aeabi_memcpy
    uart.o(i.txmit_buf_use_tx_buf) refers to pwrmgr.o(i.hal_pwrmgr_lock) for hal_pwrmgr_lock
    uart.o(i.txmit_buf_use_tx_buf) refers to uart.o(.bss) for .bss
    uart.o(i.uart_hw_deinit) refers to gpio.o(i.hal_gpio_fmux) for hal_gpio_fmux
    uart.o(i.uart_hw_deinit) refers to clock.o(i.hal_clk_reset) for hal_clk_reset
    uart.o(i.uart_hw_deinit) refers to clock.o(i.hal_clk_gate_disable) for hal_clk_gate_disable
    uart.o(i.uart_hw_deinit) refers to uart.o(.bss) for .bss
    uart.o(i.uart_hw_init) refers to clock.o(i.hal_clk_gate_enable) for hal_clk_gate_enable
    uart.o(i.uart_hw_init) refers to clock.o(i.hal_clk_reset) for hal_clk_reset
    uart.o(i.uart_hw_init) refers to gpio.o(i.hal_gpio_pull_set) for hal_gpio_pull_set
    uart.o(i.uart_hw_init) refers to gpio.o(i.hal_gpio_fmux_set) for hal_gpio_fmux_set
    uart.o(i.uart_hw_init) refers to uidiv.o(.text) for __aeabi_uidivmod
    uart.o(i.uart_hw_init) refers to uart.o(.bss) for .bss
    uart.o(i.uart_hw_init) refers to uart.o(i.hal_UART1_IRQHandler) for hal_UART1_IRQHandler
    uart.o(i.uart_hw_init) refers to uart.o(i.hal_UART0_IRQHandler) for hal_UART0_IRQHandler
    uart.o(i.uart_wakeup_process_0) refers to uart.o(i.uart_hw_init) for uart_hw_init
    uart.o(i.uart_wakeup_process_1) refers to uart.o(i.uart_hw_init) for uart_hw_init
[...]
    gap_linkmgr.o(i.gapProcessConnectionCompleteEvt) refers to gap_configmgr.o(i.gapDetermineAddrType) for gapDetermineAddrType
    gap_linkmgr.o(i.gapProcessConnectionCompleteEvt) refers to gap_linkmgr.o(i.sendEstLinkEvent) for sendEstLinkEvent
    gap_linkmgr.o(i.gapProcessConnectionCompleteEvt) refers to linkdb.o(i.linkDB_Add) for linkDB_Add
    gap_linkmgr.o(i.gapProcessConnectionCompleteEvt) refers to gap_linkmgr.o(i.gapFreeEstLink) for gapFreeEstLink
    gap_linkmgr.o(i.gapProcessConnectionCompleteEvt) refers to gap_linkmgr.o(i.disconnectNext) for disconnectNext
    gap_linkmgr.o(i.gapProcessConnectionCompleteEvt) refers to gap_linkmgr.o(i.sendTerminateEvent) for sendTerminateEvent
    gap_linkmgr.o(i.gapProcessConnectionCompleteEvt) refers to att_util.o(i.ATT_UpdateMtuSize) for ATT_UpdateMtuSize
    gap_linkmgr.o(i.gapProcessConnectionCompleteEvt) refers to l2cap_util.o(i.L2CAP_ReassemblePkt_Reset) for L2CAP_ReassemblePkt_Reset
    gap_linkmgr.o(i.gapProcessConnectionCompleteEvt) refers to l2cap_util.o(i.L2CAP_SegmentPkt_Reset) for L2CAP_SegmentPkt_Reset
    gap_linkmgr.o(i.gapProcessConnectionCompleteEvt) refers to gap_linkmgr.o(.data) for .data
    gap_linkmgr.o(i.gapProcessConnectionCompleteEvt) refers to gap_task.o(.data) for pfnPeripheralCBs
    gap_linkmgr.o(i.gapProcessConnectionCompleteEvt) refers to gap_configmgr.o(.data) for gapAppTaskID
    gap_linkmgr.o(i.gapProcessDisconnectCompleteEvt) refers to linkdb.o(i.linkDB_Find) for linkDB_Find
    gap_linkmgr.o(i.gapProcessDisconnectCompleteEvt) refers to linkdb.o(i.linkDB_Remove) for linkDB_Remove
    gap_linkmgr.o(i.gapProcessDisconnectCompleteEvt) refers to gap_linkmgr.o(i.disconnectNext) for disconnectNext
    gap_linkmgr.o(i.gapProcessDisconnectCompleteEvt) refers to gap_linkmgr.o(i.sendTerminateEvent) for sendTerminateEvent
    gap_linkmgr.o(i.gapProcessDisconnectCompleteEvt) refers to gap_linkmgr.o(i.gapFreeAuthLink) for gapFreeAuthLink
    gap_linkmgr.o(i.gapProcessDisconnectCompleteEvt) refers to att_util.o(i.ATT_UpdateMtuSize) for ATT_UpdateMtuSize
    gap_linkmgr.o(i.gapProcessDisconnectCompleteEvt) refers to l2cap_util.o(i.L2CAP_ReassemblePkt_Reset) for L2CAP_ReassemblePkt_Reset
    gap_linkmgr.o(i.gapProcessDisconnectCompleteEvt) refers to l2cap_util.o(i.L2CAP_SegmentPkt_Reset) for L2CAP_SegmentPkt_Reset
    gap_linkmgr.o(i.gapProcessDisconnectCompleteEvt) refers to gap_linkmgr.o(.data) for .data
    gap_linkmgr.o(i.gapRegisterCentralConn) refers to gap_linkmgr.o(.data) for .data
    gap_linkmgr.o(i.gapSendBondCompleteEvent) refers to linkdb.o(i.linkDB_Find) for linkDB_Find
    gap_linkmgr.o(i.gapSendBondCompleteEvent) refers to gap_configmgr.o(i.GAP_GetParamValue) for GAP_GetParamValue
    gap_linkmgr.o(i.gapSendLinkUpdateEvent) refers to linkdb.o(i.linkDB_Find) for linkDB_Find
    gap_linkmgr.o(i.gapSendLinkUpdateEvent) refers to gap_configmgr.o(.data) for gapAppTaskID
    gap_linkmgr.o(i.gapSendPairingReqEvent) refers to linkdb.o(i.linkDB_Find) for linkDB_Find
    gap_linkmgr.o(i.gapSendPairingReqEvent) refers to gap_configmgr.o(i.GAP_GetParamValue) for GAP_GetParamValue
    gap_linkmgr.o(i.sendAuthEvent) refers to linkdb.o(i.linkDB_Find) for linkDB_Find
    gap_linkmgr.o(i.sendAuthEvent) refers to gap_configmgr.o(i.GAP_GetParamValue) for GAP_GetParamValue
    gap_linkmgr.o(i.sendAuthEvent) refers to gap_linkmgr.o(i.gapFreeAuthLink) for gapFreeAuthLink
    gap_linkmgr.o(i.sendAuthEvent) refers to gap_linkmgr.o(.data) for .data
    gap_peridevmgr.o(i.GAP_EndDiscoverable) refers to gap_devmgr.o(.data) for pGapAdvertState
    gap_peridevmgr.o(i.GAP_EndDiscoverable) refers to gap_task.o(.data) for gapTaskID
    gap_peridevmgr.o(i.GAP_EndDiscoverable) refers to gap_peridevmgr.o(.data) for .data
    gap_peridevmgr.o(i.GAP_EndDiscoverable) refers to gap_configmgr.o(.data) for gapPrivateAddrChangeTimeout
    gap_peridevmgr.o(i.GAP_GetAdvToken) refers to gap_peridevmgr.o(i.gapFindAdvToken) for gapFindAdvToken
    gap_peridevmgr.o(i.GAP_GetAdvToken) refers to gap_configmgr.o(.data) for gapProfileRole
    gap_peridevmgr.o(i.GAP_MakeDiscoverable) refers to gap_task.o(i.GAP_NumActiveConnections) for GAP_NumActiveConnections
    gap_peridevmgr.o(i.GAP_MakeDiscoverable) refers to gap_peridevmgr.o(i.gapSetAdvParams) for gapSetAdvParams
    gap_peridevmgr.o(i.GAP_MakeDiscoverable) refers to gap_peridevmgr.o(i.gapFreeAdvertState) for gapFreeAdvertState
    gap_peridevmgr.o(i.GAP_MakeDiscoverable) refers to gap_configmgr.o(i.GAP_GetParamValue) for GAP_GetParamValue
    gap_peridevmgr.o(i.GAP_MakeDiscoverable) refers to gap_devmgr.o(.data) for pGapAdvertState
    gap_peridevmgr.o(i.GAP_MakeDiscoverable) refers to gap_configmgr.o(.data) for gapProfileRole
    gap_peridevmgr.o(i.GAP_MakeDiscoverable) refers to gap_peridevmgr.o(.data) for .data
    gap_peridevmgr.o(i.GAP_MakeDiscoverable) refers to gap_task.o(.data) for gapTaskID
    gap_peridevmgr.o(i.GAP_PeriDevMgrInit) refers to gap_task.o(i.gapRegisterPeripheral) for gapRegisterPeripheral
    gap_peridevmgr.o(i.GAP_PeriDevMgrInit) refers to gap_peridevmgr.o(i.gapAllocAdvRecs) for gapAllocAdvRecs
    gap_peridevmgr.o(i.GAP_PeriDevMgrInit) refers to gap_peridevmgr.o(.data) for .data
    gap_peridevmgr.o(i.GAP_PeriDevMgrInit) refers to gap_configmgr.o(.data) for gapProfileRole
    gap_peridevmgr.o(i.GAP_RemoveAdvToken) refers to gap_peridevmgr.o(i.gapDeleteAdvToken) for gapDeleteAdvToken
    gap_peridevmgr.o(i.GAP_RemoveAdvToken) refers to gap_configmgr.o(.data) for gapProfileRole
    gap_peridevmgr.o(i.GAP_SetAdvToken) refers to gap_devmgr.o(i.gapValidADType) for gapValidADType
    gap_peridevmgr.o(i.GAP_SetAdvToken) refers to gap_peridevmgr.o(i.gapFindAdvToken) for gapFindAdvToken
    gap_peridevmgr.o(i.GAP_SetAdvToken) refers to gap_peridevmgr.o(i.gapCalcAdvTokenDataLen) for gapCalcAdvTokenDataLen
    gap_peridevmgr.o(i.GAP_SetAdvToken) refers to gap_peridevmgr.o(i.gapAddAdvToken) for gapAddAdvToken
    gap_peridevmgr.o(i.GAP_SetAdvToken) refers to gap_configmgr.o(.data) for gapProfileRole
    gap_peridevmgr.o(i.GAP_UpdateAdvTokens) refers to gap_peridevmgr.o(i.gapBuildADTokens) for gapBuildADTokens
    gap_peridevmgr.o(i.GAP_UpdateAdvTokens) refers to gap_configmgr.o(.data) for gapProfileRole
    gap_peridevmgr.o(i.GAP_UpdateAdvertisingData) refers to gap_configmgr.o(.data) for gapProfileRole
    gap_peridevmgr.o(i.GAP_UpdateAdvertisingData) refers to gap_peridevmgr.o(.data) for .data
    gap_peridevmgr.o(i.gapAddAdvToken) refers to gap_peridevmgr.o(.data) for .data
    gap_peridevmgr.o(i.gapAllocAdvRecs) refers to gap_configmgr.o(.data) for gapProfileRole
    gap_peridevmgr.o(i.gapAllocAdvRecs) refers to gap_peridevmgr.o(.data) for .data
    gap_peridevmgr.o(i.gapBuildADTokens) refers to gap_configmgr.o(.data) for gapProfileRole
    gap_peridevmgr.o(i.gapBuildADTokens) refers to gap_peridevmgr.o(.data) for .data
    gap_peridevmgr.o(i.gapCalcAdvTokenDataLen) refers to gap_peridevmgr.o(.data) for .data
    gap_peridevmgr.o(i.gapDeleteAdvToken) refers to gap_peridevmgr.o(.data) for .data
    gap_peridevmgr.o(i.gapFindAdvToken) refers to gap_peridevmgr.o(.data) for .data
    gap_peridevmgr.o(i.gapFreeAdvertState) refers to gap_devmgr.o(.data) for pGapAdvertState
    gap_peridevmgr.o(i.gapPeriProcessHCICmdCompleteEvt) refers to central.o(i.__ARM_common_switch8) for __ARM_common_switch8
    gap_peridevmgr.o(i.gapPeriProcessHCICmdCompleteEvt) refers to gap_peridevmgr.o(i.gapSetAdvParamsStatus) for gapSetAdvParamsStatus
    gap_peridevmgr.o(i.gapPeriProcessHCICmdCompleteEvt) refers to gap_peridevmgr.o(i.gapWriteAdvEnableStatus) for gapWriteAdvEnableStatus
    gap_peridevmgr.o(i.gapPeriProcessHCICmdCompleteEvt) refers to gap_peridevmgr.o(i.gapWriteAdvDataStatus) for gapWriteAdvDataStatus
    gap_peridevmgr.o(i.gapProcessAdvertisingEvt) refers to gap_peridevmgr.o(i.gapFreeAdvertState) for gapFreeAdvertState
    gap_peridevmgr.o(i.gapProcessAdvertisingEvt) refers to gap_peridevmgr.o(i.GAP_EndDiscoverable) for GAP_EndDiscoverable
    gap_peridevmgr.o(i.gapProcessAdvertisingEvt) refers to gap_task.o(.data) for gapTaskID
    gap_peridevmgr.o(i.gapProcessAdvertisingEvt) refers to gap_devmgr.o(.data) for pGapAdvertState
    gap_peridevmgr.o(i.gapProcessAdvertisingEvt) refers to gap_peridevmgr.o(.data) for .data
    gap_peridevmgr.o(i.gapProcessAdvertisingEvt) refers to gap_configmgr.o(.data) for gapProfileRole
    gap_peridevmgr.o(i.gapSendMakeDiscEvent) refers to gap_peridevmgr.o(i.gapFreeAdvertState) for gapFreeAdvertState
    gap_peridevmgr.o(i.gapSendMakeDiscEvent) refers to gap_devmgr.o(.data) for pGapAdvertState
    gap_peridevmgr.o(i.gapSetAdvParams) refers to gap_task.o(i.GAP_NumActiveConnections) for GAP_NumActiveConnections
    gap_peridevmgr.o(i.gapSetAdvParams) refers to gap_configmgr.o(i.GAP_GetParamValue) for GAP_GetParamValue
    gap_peridevmgr.o(i.gapSetAdvParams) refers to gap_peridevmgr.o(i.isLimitedDiscoverableMode) for isLimitedDiscoverableMode
    gap_peridevmgr.o(i.gapSetAdvParams) refers to gap_configmgr.o(i.gapAddAddrAdj) for gapAddAddrAdj
    gap_peridevmgr.o(i.gapSetAdvParams) refers to gap_devmgr.o(.data) for pGapAdvertState
    gap_peridevmgr.o(i.gapSetAdvParams) refers to gap_configmgr.o(.data) for gapDeviceAddrMode
    gap_peridevmgr.o(i.gapSetAdvParamsStatus) refers to gap_peridevmgr.o(i.gapSendMakeDiscEvent) for gapSendMakeDiscEvent
    gap_peridevmgr.o(i.gapSetAdvParamsStatus) refers to gap_devmgr.o(.data) for pGapAdvertState
    gap_peridevmgr.o(i.gapWriteAdvDataStatus) refers to gap_peridevmgr.o(.data) for .data
    gap_peridevmgr.o(i.gapWriteAdvEnableStatus) refers to gap_peridevmgr.o(i.isLimitedDiscoverableMode) for isLimitedDiscoverableMode
    gap_peridevmgr.o(i.gapWriteAdvEnableStatus) refers to gap_configmgr.o(i.GAP_GetParamValue) for GAP_GetParamValue
    gap_peridevmgr.o(i.gapWriteAdvEnableStatus) refers to gap_peridevmgr.o(i.gapSendMakeDiscEvent) for gapSendMakeDiscEvent
    gap_peridevmgr.o(i.gapWriteAdvEnableStatus) refers to gap_peridevmgr.o(i.gapFreeAdvertState) for gapFreeAdvertState
    gap_peridevmgr.o(i.gapWriteAdvEnableStatus) refers to gap_devmgr.o(.data) for pGapAdvertState
    gap_peridevmgr.o(i.gapWriteAdvEnableStatus) refers to gap_configmgr.o(.data) for gapAutoAdvPrivateAddrChange
    gap_peridevmgr.o(i.gapWriteAdvEnableStatus) refers to gap_task.o(.data) for gapTaskID
    gap_peridevmgr.o(i.gapWriteAdvEnableStatus) refers to gap_peridevmgr.o(.data) for .data
    gap_peridevmgr.o(i.isLimitedDiscoverableMode) refers to gap_devmgr.o(i.gapFindADType) for gapFindADType
    gap_peridevmgr.o(i.isLimitedDiscoverableMode) refers to gap_peridevmgr.o(.data) for .data
    gap_peridevmgr.o(.data) refers to gap_peridevmgr.o(i.gapPeriProcessHCICmdCompleteEvt) for gapPeriProcessHCICmdCompleteEvt
    gap_peridevmgr.o(.data) refers to gap_peridevmgr.o(i.gapProcessAdvertisingEvt) for gapProcessAdvertisingEvt
    gap_peridevmgr.o(.data) refers to gap_peridevmgr.o(i.gapSetAdvParams) for gapSetAdvParams
    gap_perilinkmgr.o(i.GAP_SendSlaveSecurityRequest) refers to linkdb.o(i.linkDB_Find) for linkDB_Find
    gap_perilinkmgr.o(i.GAP_SendSlaveSecurityRequest) refers to sm_mgr.o(i.smUint8ToAuthReq) for smUint8ToAuthReq
    gap_perilinkmgr.o(i.GAP_SendSlaveSecurityRequest) refers to smp.o(i.smSendSMMsg) for smSendSMMsg
    gap_perilinkmgr.o(i.GAP_SendSlaveSecurityRequest) refers to gap_configmgr.o(.data) for gapProfileRole
    gap_perilinkmgr.o(i.GAP_SendSlaveSecurityRequest) refers to gap_linkmgr.o(.data) for pAuthLink
    gap_perilinkmgr.o(i.GAP_SendSlaveSecurityRequest) refers to smp.o(i.smpBuildSecurityReq) for smpBuildSecurityReq
    gap_task.o(i.GAP_Init) refers to linkdb.o(i.linkDB_Init) for linkDB_Init
    gap_task.o(i.GAP_Init) refers to l2cap_if.o(i.L2CAP_RegisterApp) for L2CAP_RegisterApp
    gap_task.o(i.GAP_Init) refers to gap_task.o(.data) for .data
    gap_task.o(i.GAP_NumActiveConnections) refers to linkdb.o(i.linkDB_NumActive) for linkDB_NumActive
    gap_task.o(i.GAP_ProcessEvent) refers to gap_task.o(i.gapProcessOSALMsg) for gapProcessOSALMsg
    gap_task.o(i.GAP_ProcessEvent) refers to gap_devmgr.o(i.gapIsAdvertising) for gapIsAdvertising
    gap_task.o(i.GAP_ProcessEvent) refers to gap_configmgr.o(i.gapGetIRK) for gapGetIRK
    gap_task.o(i.GAP_ProcessEvent) refers to sm_mgr.o(i.SM_CalcRandomAddr) for SM_CalcRandomAddr
    gap_task.o(i.GAP_ProcessEvent) refers to gap_configmgr.o(i.gapProcessNewAddr) for gapProcessNewAddr
    gap_task.o(i.GAP_ProcessEvent) refers to gap_configmgr.o(i.GAP_GetParamValue) for GAP_GetParamValue
    gap_task.o(i.GAP_ProcessEvent) refers to gap_task.o(.data) for .data
    gap_task.o(i.GAP_ProcessEvent) refers to gap_configmgr.o(.data) for gapPrivateAddrChangeTimeout
    gap_task.o(i.GAP_RegisterForHCIMsgs) refers to gap_task.o(.data) for .data
    gap_task.o(i.gapProcessHCICmdCompleteEvt) refers to gap_configmgr.o(i.gapProcessRandomAddrComplete) for gapProcessRandomAddrComplete
    gap_task.o(i.gapProcessHCICmdCompleteEvt) refers to gap_configmgr.o(i.gapReadBufSizeCmdStatus) for gapReadBufSizeCmdStatus
    gap_task.o(i.gapProcessHCICmdCompleteEvt) refers to gap_configmgr.o(i.gapReadBD_ADDRStatus) for gapReadBD_ADDRStatus
    gap_task.o(i.gapProcessHCICmdCompleteEvt) refers to gap_task.o(.data) for .data
    gap_task.o(i.gapProcessHCICmdCompleteEvt) refers to gap_linkmgr.o(.data) for pfnCentralConnCBs
    gap_task.o(i.gapProcessOSALMsg) refers to gap_task.o(i.gapProcessHCICmdCompleteEvt) for gapProcessHCICmdCompleteEvt
    gap_task.o(i.gapProcessOSALMsg) refers to gap_linkmgr.o(i.gapProcessDisconnectCompleteEvt) for gapProcessDisconnectCompleteEvt
    gap_task.o(i.gapProcessOSALMsg) refers to gap_linkmgr.o(i.gapProcessConnectionCompleteEvt) for gapProcessConnectionCompleteEvt
    gap_task.o(i.gapProcessOSALMsg) refers to gap_linkmgr.o(i.gapProcessConnUpdateCompleteEvt) for gapProcessConnUpdateCompleteEvt
    gap_task.o(i.gapProcessOSALMsg) refers to l2cap_if.o(i.L2CAP_CmdReject) for L2CAP_CmdReject
    gap_task.o(i.gapProcessOSALMsg) refers to gap_linkmgr.o(.data) for pfnCentralConnCBs
    gap_task.o(i.gapProcessOSALMsg) refers to gap_task.o(.data) for .data
    gap_task.o(i.gapProcessOSALMsg) refers to gap_configmgr.o(.data) for gapProfileRole
    gap_task.o(i.gapRegisterCentral) refers to gap_task.o(.data) for .data
    gap_task.o(i.gapRegisterPeripheral) refers to gap_task.o(.data) for .data
    gatt_server.o(i.GATT_DeregisterService) refers to gatt_server.o(.data) for .data
    gatt_server.o(i.GATT_FindHandle) refers to gatt_server.o(.data) for .data
    gatt_server.o(i.GATT_FindHandleUUID) refers to att_util.o(i.ATT_CompareUUID) for ATT_CompareUUID
    gatt_server.o(i.GATT_FindHandleUUID) refers to gatt_server.o(.data) for .data
    gatt_server.o(i.GATT_FindNextAttr) refers to gatt_server.o(i.GATT_FindHandleUUID) for GATT_FindHandleUUID
    gatt_server.o(i.GATT_FindNextAttr) refers to att_util.o(i.ATT_CompareUUID) for ATT_CompareUUID
    gatt_server.o(i.GATT_FindNextAttr) refers to gatt_server.o(i.gattServiceLastHandle) for gattServiceLastHandle
    gatt_server.o(i.GATT_FindNextAttr) refers to gatt_uuid.o(.constdata) for primaryServiceUUID
    gatt_server.o(i.GATT_Indication) refers to gatt_server.o(i.gattGetServerStatus) for gattGetServerStatus
    gatt_server.o(i.GATT_Indication) refers to linkdb.o(i.linkDB_Authen) for linkDB_Authen
    gatt_server.o(i.GATT_Indication) refers to att_server.o(i.ATT_HandleValueInd) for ATT_HandleValueInd
    gatt_server.o(i.GATT_Indication) refers to gatt_task.o(i.gattStartTimer) for gattStartTimer
    gatt_server.o(i.GATT_Indication) refers to gatt_server.o(i.gattServerHandleTimerCB) for gattServerHandleTimerCB
    gatt_server.o(i.GATT_InitServer) refers to gatt_task.o(i.gattRegisterServer) for gattRegisterServer
    gatt_server.o(i.GATT_InitServer) refers to linkdb.o(i.linkDB_Register) for linkDB_Register
    gatt_server.o(i.GATT_InitServer) refers to gatt_server.o(.bss) for .bss
    gatt_server.o(i.GATT_InitServer) refers to gatt_server.o(i.gattServerProcessMsgCB) for gattServerProcessMsgCB
    gatt_server.o(i.GATT_InitServer) refers to gatt_server.o(i.gattServerHandleConnStatusCB) for gattServerHandleConnStatusCB
    gatt_server.o(i.GATT_Notification) refers to gatt_server.o(i.gattGetServerStatus) for gattGetServerStatus
    gatt_server.o(i.GATT_Notification) refers to linkdb.o(i.linkDB_Authen) for linkDB_Authen
    gatt_server.o(i.GATT_Notification) refers to att_server.o(i.ATT_HandleValueNoti) for ATT_HandleValueNoti
    gatt_server.o(i.GATT_RegisterForReq) refers to gatt_server.o(.data) for .data
    gatt_server.o(i.GATT_RegisterService) refers to att_util.o(i.ATT_CompareUUID) for ATT_CompareUUID
    gatt_server.o(i.GATT_RegisterService) refers to gatt_uuid.o(.constdata) for primaryServiceUUID
    gatt_server.o(i.GATT_RegisterService) refers to gatt_server.o(.data) for .data
    gatt_server.o(i.GATT_ServiceChangedInd) refers to gatt_server.o(i.GATT_FindHandleUUID) for GATT_FindHandleUUID
    gatt_server.o(i.GATT_ServiceChangedInd) refers to gatt_server.o(i.GATT_Indication) for GATT_Indication
    gatt_server.o(i.GATT_ServiceChangedInd) refers to gatt_uuid.o(.constdata) for serviceChangedUUID
    gatt_server.o(i.GATT_ServiceNumAttrs) refers to gatt_server.o(.data) for .data
    gatt_server.o(i.GATT_VerifyReadPermissions) refers to linkdb.o(i.linkDB_Authen) for linkDB_Authen
    gatt_server.o(i.GATT_VerifyWritePermissions) refers to linkdb.o(i.linkDB_Authen) for linkDB_Authen
    gatt_server.o(i.gattFindServerInfo) refers to gatt_server.o(.bss) for .bss
    gatt_server.o(i.gattGetServerStatus) refers to gatt_server.o(i.gattFindServerInfo) for gattFindServerInfo
    gatt_server.o(i.gattProcessExchangeMTUReq) refers to att_util.o(.data) for g_attMtuClientServer
    gatt_server.o(i.gattProcessFindByTypeValueReq) refers to gatt_server.o(i.GATT_FindHandleUUID) for GATT_FindHandleUUID
    gatt_server.o(i.gattProcessFindInfoReq) refers to gatt_server.o(i.GATT_FindHandleUUID) for GATT_FindHandleUUID
    gatt_server.o(i.gattProcessFindInfoReq) refers to att_server.o(i.ATT_FindInfoRsp) for ATT_FindInfoRsp
    gatt_server.o(i.gattProcessReadByGrpTypeReq) refers to att_util.o(i.ATT_CompareUUID) for ATT_CompareUUID
    gatt_server.o(i.gattProcessReadByGrpTypeReq) refers to gatt_server.o(i.GATT_FindHandleUUID) for GATT_FindHandleUUID
    gatt_server.o(i.gattProcessReadByGrpTypeReq) refers to gatt_uuid.o(.constdata) for primaryServiceUUID
    gatt_server.o(i.gattProcessReadByTypeReq) refers to gatt_server.o(i.GATT_FindHandleUUID) for GATT_FindHandleUUID
    gatt_server.o(i.gattProcessReadMultiReq) refers to gatt_server.o(i.GATT_FindHandle) for GATT_FindHandle
    gatt_server.o(i.gattProcessReadMultiReq) refers to gatt_server.o(i.GATT_VerifyReadPermissions) for GATT_VerifyReadPermissions
    gatt_server.o(i.gattProcessReadReq) refers to gatt_server.o(i.GATT_FindHandle) for GATT_FindHandle
    gatt_server.o(i.gattProcessReadReq) refers to gatt_server.o(i.GATT_VerifyReadPermissions) for GATT_VerifyReadPermissions
    gatt_server.o(i.gattProcessWriteReq) refers to gatt_server.o(i.GATT_FindHandle) for GATT_FindHandle
    gatt_server.o(i.gattProcessWriteReq) refers to gatt_server.o(i.GATT_VerifyWritePermissions) for GATT_VerifyWritePermissions
    gatt_server.o(i.gattResetServerInfo) refers to gatt_task.o(i.gattStopTimer) for gattStopTimer
    gatt_server.o(i.gattServerHandleConnStatusCB) refers to linkdb.o(i.linkDB_State) for linkDB_State
    gatt_server.o(i.gattServerHandleConnStatusCB) refers to gatt_server.o(i.gattFindServerInfo) for gattFindServerInfo
    gatt_server.o(i.gattServerHandleConnStatusCB) refers to gatt_task.o(i.gattNotifyEvent) for gattNotifyEvent
    gatt_server.o(i.gattServerHandleConnStatusCB) refers to gatt_server.o(i.gattResetServerInfo) for gattResetServerInfo
    gatt_server.o(i.gattServerHandleTimerCB) refers to gatt_task.o(i.gattNotifyEvent) for gattNotifyEvent
    gatt_server.o(i.gattServerProcessMsgCB) refers to gatt_server.o(i.gattFindServerInfo) for gattFindServerInfo
    gatt_server.o(i.gattServerProcessMsgCB) refers to gatt_task.o(i.gattNotifyEvent) for gattNotifyEvent
    gatt_server.o(i.gattServerProcessMsgCB) refers to gatt_server.o(i.gattResetServerInfo) for gattResetServerInfo
    gatt_server.o(i.gattServerProcessMsgCB) refers to att_server.o(i.ATT_ErrorRsp) for ATT_ErrorRsp
    gatt_server.o(i.gattServerProcessMsgCB) refers to gatt_server.o(.data) for .data
    gatt_server.o(i.gattServerProcessMsgCB) refers to gatt_server.o(.constdata) for .constdata
    gatt_server.o(i.gattServiceLastHandle) refers to gatt_server.o(i.GATT_ServiceNumAttrs) for GATT_ServiceNumAttrs
    gatt_server.o(.constdata) refers to att_util.o(i.ATT_ParseExchangeMTUReq) for ATT_ParseExchangeMTUReq
    gatt_server.o(.constdata) refers to gatt_server.o(i.gattProcessExchangeMTUReq) for gattProcessExchangeMTUReq
    gatt_server.o(.constdata) refers to att_util.o(i.ATT_ParseFindInfoReq) for ATT_ParseFindInfoReq
    gatt_server.o(.constdata) refers to gatt_server.o(i.gattProcessFindInfoReq) for gattProcessFindInfoReq
    gatt_server.o(.constdata) refers to att_util.o(i.ATT_ParseFindByTypeValueReq) for ATT_ParseFindByTypeValueReq
    gatt_server.o(.constdata) refers to gatt_server.o(i.gattProcessFindByTypeValueReq) for gattProcessFindByTypeValueReq
    gatt_server.o(.constdata) refers to att_util.o(i.ATT_ParseReadByTypeReq) for ATT_ParseReadByTypeReq
    gatt_server.o(.constdata) refers to gatt_server.o(i.gattProcessReadByTypeReq) for gattProcessReadByTypeReq
    gatt_server.o(.constdata) refers to att_util.o(i.ATT_ParseReadReq) for ATT_ParseReadReq
    gatt_server.o(.constdata) refers to gatt_server.o(i.gattProcessReadReq) for gattProcessReadReq
    gatt_server.o(.constdata) refers to att_util.o(i.ATT_ParseReadBlobReq) for ATT_ParseReadBlobReq
    gatt_server.o(.constdata) refers to att_util.o(i.ATT_ParseReadMultiReq) for ATT_ParseReadMultiReq
    gatt_server.o(.constdata) refers to gatt_server.o(i.gattProcessReadMultiReq) for gattProcessReadMultiReq
    gatt_server.o(.constdata) refers to gatt_server.o(i.gattProcessReadByGrpTypeReq) for gattProcessReadByGrpTypeReq
    gatt_server.o(.constdata) refers to att_util.o(i.ATT_ParseWriteReq) for ATT_ParseWriteReq
    gatt_server.o(.constdata) refers to gatt_server.o(i.gattProcessWriteReq) for gattProcessWriteReq
    gatt_server.o(.constdata) refers to att_util.o(i.ATT_ParsePrepareWriteReq) for ATT_ParsePrepareWriteReq
    gatt_server.o(.constdata) refers to att_util.o(i.ATT_ParseExecuteWriteReq) for ATT_ParseExecuteWriteReq
    gatt_server.o(.constdata) refers to gatt_server.o(i.gattProcessExecuteWriteReq) for gattProcessExecuteWriteReq
    gatt_task.o(i.GATT_AppCompletedMsg) refers to l2cap_if.o(i.L2CAP_HostNumCompletedPkts) for L2CAP_HostNumCompletedPkts
    gatt_task.o(i.GATT_Init) refers to l2cap_if.o(i.L2CAP_RegisterApp) for L2CAP_RegisterApp
    gatt_task.o(i.GATT_Init) refers to gatt_server.o(i.GATT_InitServer) for GATT_InitServer
    gatt_task.o(i.GATT_Init) refers to att_util.o(i.ATT_InitMtuSize) for ATT_InitMtuSize
    gatt_task.o(i.GATT_Init) refers to gatt_task.o(.data) for .data
    gatt_task.o(i.GATT_ProcessEvent) refers to gatt_task.o(i.gattProcessRxData) for gattProcessRxData
    gatt_task.o(i.GATT_ProcessEvent) refers to gatt_task.o(.data) for .data
    gatt_task.o(i.GATT_SetHostToAppFlowCtrl) refers to uidiv.o(.text) for __aeabi_uidivmod
    gatt_task.o(i.GATT_SetHostToAppFlowCtrl) refers to l2cap_if.o(i.L2CAP_SetControllerToHostFlowCtrl_DLE) for L2CAP_SetControllerToHostFlowCtrl_DLE
    gatt_task.o(i.gattProcessRxData) refers to att_util.o(i.ATT_ParsePacket) for ATT_ParsePacket
    gatt_task.o(i.gattProcessRxData) refers to att_server.o(i.ATT_ErrorRsp) for ATT_ErrorRsp
    gatt_task.o(i.gattProcessRxData) refers to l2cap_if.o(i.L2CAP_HostNumCompletedPkts) for L2CAP_HostNumCompletedPkts
    gatt_task.o(i.gattProcessRxData) refers to gatt_task.o(.data) for .data
    gatt_task.o(i.gattRegisterClient) refers to gatt_task.o(.data) for .data
    gatt_task.o(i.gattRegisterServer) refers to gatt_task.o(.data) for .data
    gatt_uuid.o(i.GATT_FindUUIDRec) refers to gatt_uuid.o(.constdata) for .constdata
    l2cap_if.o(i.L2CAP_CmdReject) refers to l2cap_util.o(i.l2capSendCmd) for l2capSendCmd
    l2cap_if.o(i.L2CAP_CmdReject) refers to l2cap_util.o(i.L2CAP_BuildCmdReject) for L2CAP_BuildCmdReject
    l2cap_if.o(i.L2CAP_ConnParamUpdateReq) refers to l2cap_util.o(i.l2capSendReq) for l2capSendReq
    l2cap_if.o(i.L2CAP_ConnParamUpdateReq) refers to l2cap_util.o(i.l2capBuildParamUpdateReq) for l2capBuildParamUpdateReq
    l2cap_if.o(i.L2CAP_ConnParamUpdateRsp) refers to l2cap_util.o(i.l2capSendCmd) for l2capSendCmd
    l2cap_if.o(i.L2CAP_ConnParamUpdateRsp) refers to l2cap_util.o(i.L2CAP_BuildParamUpdateRsp) for L2CAP_BuildParamUpdateRsp
    l2cap_if.o(i.L2CAP_EchoReq) refers to l2cap_util.o(i.l2capSendReq) for l2capSendReq
    l2cap_if.o(i.L2CAP_EchoReq) refers to l2cap_util.o(i.l2capBuildEchoReq) for l2capBuildEchoReq
    l2cap_if.o(i.L2CAP_HostNumCompletedPkts) refers to l2cap_if.o(.data) for .data
    l2cap_if.o(i.L2CAP_InfoReq) refers to l2cap_util.o(i.l2capSendReq) for l2capSendReq
    l2cap_if.o(i.L2CAP_InfoReq) refers to l2cap_util.o(i.l2capBuildInfoReq) for l2capBuildInfoReq
    l2cap_if.o(i.L2CAP_RegisterApp) refers to l2cap_task.o(.bss) for l2capFixedChannels
    l2cap_if.o(i.L2CAP_SendData) refers to linkdb.o(i.linkDB_State) for linkDB_State
    l2cap_if.o(i.L2CAP_SendData) refers to l2cap_util.o(i.l2capEncapSendData) for l2capEncapSendData
    l2cap_if.o(i.L2CAP_SetControllerToHostFlowCtrl) refers to uidiv.o(.text) for __aeabi_uidivmod
    l2cap_if.o(i.L2CAP_SetControllerToHostFlowCtrl) refers to l2cap_if.o(.data) for .data
    l2cap_if.o(i.L2CAP_SetControllerToHostFlowCtrl_DLE) refers to patch.o(i.LL_PLUS_GetCurrentPduDle) for LL_PLUS_GetCurrentPduDle
    l2cap_if.o(i.L2CAP_SetControllerToHostFlowCtrl_DLE) refers to uidiv.o(.text) for __aeabi_uidivmod
    l2cap_if.o(i.L2CAP_SetControllerToHostFlowCtrl_DLE) refers to l2cap_if.o(.data) for .data
    l2cap_task.o(i.L2CAP_Init) refers to l2cap_util.o(i.l2capSarBufReset) for l2capSarBufReset
    l2cap_task.o(i.L2CAP_Init) refers to l2cap_task.o(.data) for .data
    l2cap_task.o(i.L2CAP_Init) refers to l2cap_task.o(.bss) for .bss
    l2cap_task.o(i.L2CAP_ProcessEvent) refers to l2cap_task.o(i.l2capProcessRxData) for l2capProcessRxData
    l2cap_task.o(i.L2CAP_ProcessEvent) refers to l2cap_task.o(.data) for .data
    l2cap_task.o(i.l2capProcessRsp) refers to l2cap_util.o(i.l2capFindLocalId) for l2capFindLocalId
    l2cap_task.o(i.l2capProcessRsp) refers to l2cap_util.o(i.l2capParseCmdReject) for l2capParseCmdReject
    l2cap_task.o(i.l2capProcessRsp) refers to l2cap_util.o(i.l2capParseParamUpdateRsp) for l2capParseParamUpdateRsp
    l2cap_task.o(i.l2capProcessRsp) refers to l2cap_util.o(i.l2capStopTimer) for l2capStopTimer
    l2cap_task.o(i.l2capProcessRsp) refers to l2cap_util.o(i.l2capNotifySignal) for l2capNotifySignal
    l2cap_task.o(i.l2capProcessRsp) refers to l2cap_util.o(i.l2capFreeChannel) for l2capFreeChannel
    l2cap_task.o(i.l2capProcessRxData) refers to l2cap_util.o(i.l2capParsePacket) for l2capParsePacket
    l2cap_task.o(i.l2capProcessRxData) refers to l2cap_task.o(i.l2capProcessSignal) for l2capProcessSignal
    l2cap_task.o(i.l2capProcessRxData) refers to l2cap_util.o(i.l2capNotifyData) for l2capNotifyData
    l2cap_task.o(i.l2capProcessRxData) refers to l2cap_if.o(i.L2CAP_HostNumCompletedPkts) for L2CAP_HostNumCompletedPkts
    l2cap_task.o(i.l2capProcessRxData) refers to l2cap_task.o(.bss) for .bss
    l2cap_task.o(i.l2capProcessSignal) refers to l2cap_util.o(i.l2capParseSignalHdr) for l2capParseSignalHdr
    l2cap_task.o(i.l2capProcessSignal) refers to l2cap_task.o(i.l2capProcessRsp) for l2capProcessRsp
    l2cap_task.o(i.l2capProcessSignal) refers to l2cap_util.o(i.L2CAP_ParseParamUpdateReq) for L2CAP_ParseParamUpdateReq
    l2cap_task.o(i.l2capProcessSignal) refers to l2cap_util.o(i.l2capHandleRxError) for l2capHandleRxError
    l2cap_task.o(i.l2capProcessSignal) refers to l2cap_util.o(i.l2capNotifySignal) for l2capNotifySignal
    l2cap_task.o(i.l2capProcessSignal) refers to l2cap_if.o(i.L2CAP_CmdReject) for L2CAP_CmdReject
    l2cap_task.o(i.l2capProcessSignal) refers to l2cap_task.o(.bss) for .bss
    linkdb.o(i.linkDB_Add) refers to linkdb.o(i.linkDB_Find) for linkDB_Find
    linkdb.o(i.linkDB_Add) refers to linkdb.o(i.reportStatusChange) for reportStatusChange
    linkdb.o(i.linkDB_Authen) refers to linkdb.o(i.linkDB_Find) for linkDB_Find
    linkdb.o(i.linkDB_Find) refers to linkdb.o(.bss) for .bss
    linkdb.o(i.linkDB_FindFirst) refers to linkdb.o(.bss) for .bss
    linkdb.o(i.linkDB_Init) refers to linkdb.o(.bss) for .bss
    linkdb.o(i.linkDB_NumActive) refers to linkdb.o(.bss) for .bss
    linkdb.o(i.linkDB_PerformFunc) refers to linkdb.o(.bss) for .bss
    linkdb.o(i.linkDB_Register) refers to linkdb.o(.bss) for .bss
    linkdb.o(i.linkDB_Remove) refers to linkdb.o(i.linkDB_Find) for linkDB_Find
    linkdb.o(i.linkDB_Remove) refers to linkdb.o(i.reportStatusChange) for reportStatusChange
    linkdb.o(i.linkDB_State) refers to linkdb.o(i.linkDB_Find) for linkDB_Find
    linkdb.o(i.linkDB_Update) refers to linkdb.o(i.linkDB_Find) for linkDB_Find
    linkdb.o(i.linkDB_Update) refers to linkdb.o(i.reportStatusChange) for reportStatusChange
    linkdb.o(i.reportStatusChange) refers to linkdb.o(.bss) for .bss
    sm_rsppairing.o(i.SM_ResponderInit) refers to sm_pairing.o(i.smRegisterResponder) for smRegisterResponder
    sm_rsppairing.o(i.SM_ResponderInit) refers to gap_configmgr.o(.data) for gapProfileRole
    sm_rsppairing.o(i.SM_ResponderInit) refers to sm_rsppairing.o(.data) for .data
    sm_rsppairing.o(i.smResponderProcessLTKReq) refers to sm_mgr.o(i.sm_s1) for sm_s1
    sm_rsppairing.o(i.smResponderProcessLTKReq) refers to sm_pairing.o(i.smDetermineKeySize) for smDetermineKeySize
    sm_rsppairing.o(i.smResponderProcessLTKReq) refers to sm_pairing.o(i.smEndPairing) for smEndPairing
    sm_rsppairing.o(i.smResponderProcessLTKReq) refers to linkdb.o(i.linkDB_Find) for linkDB_Find
    sm_rsppairing.o(i.smResponderProcessLTKReq) refers to sm_pairing.o(.data) for pPairingParams
    sm_rsppairing.o(i.smResponderSendNextKeyInfo) refers to central.o(i.__ARM_common_switch8) for __ARM_common_switch8
    sm_rsppairing.o(i.smResponderSendNextKeyInfo) refers to gap_configmgr.o(i.gapGetSRK) for gapGetSRK
    sm_rsppairing.o(i.smResponderSendNextKeyInfo) refers to sm_pairing.o(i.smPairingSendSingingInfo) for smPairingSendSingingInfo
    sm_rsppairing.o(i.smResponderSendNextKeyInfo) refers to sm_pairing.o(i.smDetermineKeySize) for smDetermineKeySize
    sm_rsppairing.o(i.smResponderSendNextKeyInfo) refers to sm_mgr.o(i.smGenerateRandBuf) for smGenerateRandBuf
    sm_rsppairing.o(i.smResponderSendNextKeyInfo) refers to sm_pairing.o(i.smPairingSendEncInfo) for smPairingSendEncInfo
    sm_rsppairing.o(i.smResponderSendNextKeyInfo) refers to sm_pairing.o(i.smPairingSendMasterID) for smPairingSendMasterID
    sm_rsppairing.o(i.smResponderSendNextKeyInfo) refers to gap_configmgr.o(i.gapGetIRK) for gapGetIRK
    sm_rsppairing.o(i.smResponderSendNextKeyInfo) refers to sm_pairing.o(i.smPairingSendIdentityInfo) for smPairingSendIdentityInfo
    sm_rsppairing.o(i.smResponderSendNextKeyInfo) refers to gap_configmgr.o(i.gapGetDevAddressMode) for gapGetDevAddressMode
    sm_rsppairing.o(i.smResponderSendNextKeyInfo) refers to gap_configmgr.o(i.gapGetDevAddress) for gapGetDevAddress
    sm_rsppairing.o(i.smResponderSendNextKeyInfo) refers to sm_pairing.o(i.smPairingSendIdentityAddrInfo) for smPairingSendIdentityAddrInfo
    sm_rsppairing.o(i.smResponderSendNextKeyInfo) refers to linkdb.o(i.linkDB_Find) for linkDB_Find
    sm_rsppairing.o(i.smResponderSendNextKeyInfo) refers to sm_pairing.o(.data) for pPairingParams
    sm_rsppairing.o(i.smResponderSendNextKeyInfo) refers to sm_task.o(.data) for smTaskID
    sm_rsppairing.o(i.smpResponderProcessEncryptionInformation) refers to sm_pairing.o(i.smDetermineKeySize) for smDetermineKeySize
    sm_rsppairing.o(i.smpResponderProcessEncryptionInformation) refers to sm_pairing.o(.data) for pPairingParams
    sm_rsppairing.o(i.smpResponderProcessIncoming) refers to sm_mgr.o(i.smAuthReqToUint8) for smAuthReqToUint8
    sm_rsppairing.o(i.smpResponderProcessIncoming) refers to gap_linkmgr.o(i.gapSendPairingReqEvent) for gapSendPairingReqEvent
    sm_rsppairing.o(i.smpResponderProcessIncoming) refers to central.o(i.__ARM_common_switch8) for __ARM_common_switch8
    sm_rsppairing.o(i.smpResponderProcessIncoming) refers to sm_rsppairing.o(i.smpResponderProcessPairingReq) for smpResponderProcessPairingReq
    sm_rsppairing.o(i.smpResponderProcessIncoming) refers to sm_rsppairing.o(i.smpResponderProcessPairingConfirm) for smpResponderProcessPairingConfirm
    sm_rsppairing.o(i.smpResponderProcessIncoming) refers to sm_pairing.o(i.sm_c1) for sm_c1
    sm_rsppairing.o(i.smpResponderProcessIncoming) refers to sm_pairing.o(i.smGenerateRandMsg) for smGenerateRandMsg
    sm_rsppairing.o(i.smpResponderProcessIncoming) refers to sm_rsppairing.o(i.smpResponderProcessEncryptionInformation) for smpResponderProcessEncryptionInformation
    sm_rsppairing.o(i.smpResponderProcessIncoming) refers to sm_rsppairing.o(i.smpResponderProcessMasterID) for smpResponderProcessMasterID
    sm_rsppairing.o(i.smpResponderProcessIncoming) refers to sm_pairing.o(i.smEndPairing) for smEndPairing
    sm_rsppairing.o(i.smpResponderProcessIncoming) refers to sm_rsppairing.o(i.smpResponderProcessSigningInfo) for smpResponderProcessSigningInfo
    sm_rsppairing.o(i.smpResponderProcessIncoming) refers to sm_pairing.o(.data) for pPairingParams
    sm_rsppairing.o(i.smpResponderProcessMasterID) refers to sm_pairing.o(i.smEndPairing) for smEndPairing
    sm_rsppairing.o(i.smpResponderProcessMasterID) refers to sm_pairing.o(.data) for pPairingParams
    sm_rsppairing.o(i.smpResponderProcessPairingConfirm) refers to sm_pairing.o(i.sm_c1) for sm_c1
    sm_rsppairing.o(i.smpResponderProcessPairingConfirm) refers to sm_pairing.o(i.smGenerateConfirm) for smGenerateConfirm
    sm_rsppairing.o(i.smpResponderProcessPairingConfirm) refers to sm_pairing.o(.data) for pPairingParams
    sm_rsppairing.o(i.smpResponderProcessPairingReq) refers to sm_pairing.o(i.smSavePairInfo) for smSavePairInfo
    sm_rsppairing.o(i.smpResponderProcessPairingReq) refers to sm_pairing.o(i.smGeneratePairingReqRsp) for smGeneratePairingReqRsp
    sm_rsppairing.o(i.smpResponderProcessPairingReq) refers to sm_mgr.o(i.smGenerateRandBuf) for smGenerateRandBuf
    sm_rsppairing.o(i.smpResponderProcessPairingReq) refers to gap_linkmgr.o(i.gapPasskeyNeededCB) for gapPasskeyNeededCB
    sm_rsppairing.o(i.smpResponderProcessPairingReq) refers to sm_pairing.o(.data) for pPairingParams
    sm_rsppairing.o(i.smpResponderProcessSigningInfo) refers to sm_pairing.o(i.smEndPairing) for smEndPairing
    sm_rsppairing.o(i.smpResponderProcessSigningInfo) refers to sm_pairing.o(.data) for pPairingParams
    sm_rsppairing.o(.data) refers to sm_rsppairing.o(i.smpResponderProcessIncoming) for smpResponderProcessIncoming
    sm_rsppairing.o(.data) refers to sm_rsppairing.o(i.smResponderSendNextKeyInfo) for smResponderSendNextKeyInfo
    sm_rsppairing.o(.data) refers to sm_rsppairing.o(i.smResponderProcessLTKReq) for smResponderProcessLTKReq
    sm_task.o(i.SM_Init) refers to l2cap_if.o(i.L2CAP_RegisterApp) for L2CAP_RegisterApp
    sm_task.o(i.SM_Init) refers to linkdb.o(i.linkDB_Register) for linkDB_Register
    sm_task.o(i.SM_Init) refers to sm_task.o(.data) for .data
    sm_task.o(i.SM_Init) refers to sm_pairing.o(i.smLinkCheck) for smLinkCheck
    sm_task.o(i.SM_ProcessEvent) refers to sm_task.o(i.smProcessOSALMsg) for smProcessOSALMsg
    sm_task.o(i.SM_ProcessEvent) refers to sm_pairing.o(i.smTimedOut) for smTimedOut
    sm_task.o(i.SM_ProcessEvent) refers to sm_pairing.o(i.smNextPairingState) for smNextPairingState
    sm_task.o(i.SM_ProcessEvent) refers to sm_task.o(.data) for .data
    sm_task.o(i.SM_ProcessEvent) refers to gap_task.o(.data) for gapUnwantedTaskID
    sm_task.o(i.smProcessOSALMsg) refers to sm_mgr.o(i.smProcessRandComplete) for smProcessRandComplete
    sm_task.o(i.smProcessOSALMsg) refers to sm_pairing.o(i.smProcessEncryptChange) for smProcessEncryptChange
    sm_task.o(i.smProcessOSALMsg) refers to sm_pairing.o(i.smProcessDataMsg) for smProcessDataMsg
    sm_task.o(i.smProcessOSALMsg) refers to gap_configmgr.o(.data) for gapProfileRole
    sm_task.o(i.smProcessOSALMsg) refers to sm_pairing.o(.data) for pfnResponderCBs
    gattservapp_simple_chsys_1.o(i.GATTServApp_RegisterService_simple) refers to gatt_uuid.o(.constdata) for characterUUID
    gattservapp_simple_chsys_1.o(i.GATTServApp_RegisterService_simple) refers to gattservapp_simple_chsys_1.o(.data) for .data
    gattservapp_simple_chsys_1.o(i.GATTServApp_simple_WriteAttrCB) refers to gattservapp_simple_chsys_1.o(i.ret_check_lenze_app_data) for ret_check_lenze_app_data
    gattservapp_simple_chsys_1.o(i.ret_check_lenze_app_data) refers to uidiv.o(.text) for __aeabi_uidivmod
    gattservapp_simple_chsys_1.o(i.ret_check_lenze_app_data) refers to central.o(i.__ARM_common_switch8) for __ARM_common_switch8
    gattservapp_simple_chsys_1.o(i.ret_check_lenze_app_data) refers to gatt_server.o(i.GATT_Notification) for GATT_Notification
    gattservapp_simple_chsys_1.o(i.ret_check_lenze_app_data) refers to gattservapp_simple_chsys_1.o(.data) for .data
    phy_sec_ext.o(i._rom_sec_boot_init) refers to phy_sec_ext.o(i._efuse_chip_version_check) for _efuse_chip_version_check
    phy_sec_ext.o(.data) refers to phy_sec_ext.o(.conststring) for .conststring
    l2cap_util.o(_section_sram_code_) refers to l2cap_util.o(.bss) for .bss
    l2cap_util.o(i.L2CAP_ExtendFramgents_Config) refers to l2cap_util.o(.data) for .data
    l2cap_util.o(i.L2CAP_ReassemblePkt_Reset) refers to l2cap_util.o(.bss) for .bss
    l2cap_util.o(i.L2CAP_SegmentPkt_Reset) refers to l2cap_util.o(.bss) for .bss
    l2cap_util.o(i.l2capAllocChannel) refers to l2cap_task.o(.bss) for l2capChannels
    l2cap_util.o(i.l2capEncapSendData) refers to l2cap_util.o(i.l2capPktToSegmentBuff) for l2capPktToSegmentBuff
    l2cap_util.o(i.l2capEncapSendData) refers to l2cap_util.o(_section_sram_code_) for l2capSegmentBuffToLinkLayer
    l2cap_util.o(i.l2capEncapSendData) refers to l2cap_task.o(.data) for l2capTaskID
    l2cap_util.o(i.l2capEncapSendData) refers to l2cap_util.o(.bss) for .bss
    l2cap_util.o(i.l2capFindLocalId) refers to l2cap_task.o(.bss) for l2capChannels
    l2cap_util.o(i.l2capHandleTimerCB) refers to l2cap_util.o(i.l2capNotifySignal) for l2capNotifySignal
    l2cap_util.o(i.l2capParsePacket) refers to l2cap_util.o(i.L2CAP_ReassemblePkt_Reset) for L2CAP_ReassemblePkt_Reset
    l2cap_util.o(i.l2capParsePacket) refers to l2cap_util.o(i.L2CAP_bm_alloc) for L2CAP_bm_alloc
    l2cap_util.o(i.l2capParsePacket) refers to l2cap_util.o(.bss) for .bss
    l2cap_util.o(i.l2capParsePacket) refers to l2cap_util.o(.data) for .data
    l2cap_util.o(i.l2capPktToSegmentBuff) refers to att_util.o(i.ATT_GetCurrentMTUSize) for ATT_GetCurrentMTUSize
    l2cap_util.o(i.l2capPktToSegmentBuff) refers to l2cap_util.o(_section_sram_code_) for L2CAP_Fragment_SendDataPkt
    l2cap_util.o(i.l2capPktToSegmentBuff) refers to uidiv.o(.text) for __aeabi_uidivmod
    l2cap_util.o(i.l2capPktToSegmentBuff) refers to l2cap_util.o(i.L2CAP_Fragment_bm_alloc) for L2CAP_Fragment_bm_alloc
    l2cap_util.o(i.l2capPktToSegmentBuff) refers to l2cap_util.o(.bss) for .bss
    l2cap_util.o(i.l2capSarBufReset) refers to l2cap_util.o(.bss) for .bss
    l2cap_util.o(i.l2capSendCmd) refers to l2cap_util.o(i.L2CAP_bm_alloc) for L2CAP_bm_alloc
    l2cap_util.o(i.l2capSendCmd) refers to l2cap_util.o(i.l2capEncapSendData) for l2capEncapSendData
    l2cap_util.o(i.l2capSendReq) refers to linkdb.o(i.linkDB_State) for linkDB_State
    l2cap_util.o(i.l2capSendReq) refers to l2cap_util.o(i.l2capAllocChannel) for l2capAllocChannel
    l2cap_util.o(i.l2capSendReq) refers to l2cap_util.o(i.l2capSendCmd) for l2capSendCmd
    l2cap_util.o(i.l2capSendReq) refers to l2cap_util.o(i.l2capFreeChannel) for l2capFreeChannel
    l2cap_util.o(i.l2capSendReq) refers to l2cap_util.o(.data) for .data
    l2cap_util.o(i.l2capSendReq) refers to l2cap_util.o(i.l2capHandleTimerCB) for l2capHandleTimerCB
    sm_mgr.o(i.SM_CalcRandomAddr) refers to sm_mgr.o(i.smGenerateRandBuf) for smGenerateRandBuf
    sm_mgr.o(i.SM_CalcRandomAddr) refers to sm_mgr.o(i.sm_ah) for sm_ah
    sm_mgr.o(i.SM_Encrypt) refers to sm_mgr.o(i.smEncrypt) for smEncrypt
    sm_mgr.o(i.SM_GenerateAuthenSig) refers to gap_configmgr.o(i.gapGetSignCounter) for gapGetSignCounter
    sm_mgr.o(i.SM_GenerateAuthenSig) refers to gap_configmgr.o(i.gapGetSRK) for gapGetSRK
    sm_mgr.o(i.SM_GenerateAuthenSig) refers to sm_mgr.o(i.sm_CMAC) for sm_CMAC
    sm_mgr.o(i.SM_GenerateAuthenSig) refers to gap_configmgr.o(i.gapIncSignCounter) for gapIncSignCounter
    sm_mgr.o(i.SM_NewRandKey) refers to sm_mgr.o(i.smInProcess) for smInProcess
    sm_mgr.o(i.SM_NewRandKey) refers to sm_mgr.o(.data) for .data
    sm_mgr.o(i.SM_ResolveRandomAddrs) refers to sm_mgr.o(i.sm_ah) for sm_ah
    sm_mgr.o(i.SM_VerifyAuthenSig) refers to linkdb.o(i.linkDB_Find) for linkDB_Find
    sm_mgr.o(i.SM_VerifyAuthenSig) refers to sm_mgr.o(i.sm_CMAC) for sm_CMAC
    sm_mgr.o(i.SM_VerifyAuthenSig) refers to gap_configmgr.o(i.gapUpdateConnSignCounter) for gapUpdateConnSignCounter
    sm_mgr.o(i.generate_subkey) refers to sm_mgr.o(i.smEncryptLocal) for smEncryptLocal
    sm_mgr.o(i.generate_subkey) refers to sm_mgr.o(i.leftshift_onebit) for leftshift_onebit
    sm_mgr.o(i.generate_subkey) refers to sm_mgr.o(i.xor_128) for xor_128
    sm_mgr.o(i.generate_subkey) refers to sm_mgr.o(.constdata) for .constdata
    sm_mgr.o(i.smInProcess) refers to sm_mgr.o(.data) for .data
    sm_mgr.o(i.smProcessRandComplete) refers to sm_mgr.o(.data) for .data
    sm_mgr.o(i.smStartRspTimer) refers to gap_configmgr.o(i.GAP_GetParamValue) for GAP_GetParamValue
    sm_mgr.o(i.smStartRspTimer) refers to sm_task.o(.data) for smTaskID
    sm_mgr.o(i.smStopRspTimer) refers to sm_task.o(.data) for smTaskID
    sm_mgr.o(i.sm_CMAC) refers to sm_mgr.o(i.generate_subkey) for generate_subkey
    sm_mgr.o(i.sm_CMAC) refers to sm_mgr.o(i.xor_128) for xor_128
    sm_mgr.o(i.sm_CMAC) refers to sm_mgr.o(i.smEncryptLocal) for smEncryptLocal
    sm_mgr.o(i.sm_ah) refers to sm_mgr.o(i.smEncrypt) for smEncrypt
    sm_mgr.o(i.sm_c1new) refers to sm_mgr.o(i.sm_xor) for sm_xor
    sm_mgr.o(i.sm_c1new) refers to sm_mgr.o(i.smEncrypt) for smEncrypt
    sm_mgr.o(i.sm_d1) refers to sm_mgr.o(i.smEncrypt) for smEncrypt
    sm_mgr.o(i.sm_dm) refers to sm_mgr.o(i.smEncrypt) for smEncrypt
    sm_mgr.o(i.sm_s1) refers to sm_mgr.o(i.smEncrypt) for smEncrypt
    sm_pairing.o(i.SM_PasskeyUpdate) refers to sm_mgr.o(i.smGenerateRandBuf) for smGenerateRandBuf
    sm_pairing.o(i.SM_PasskeyUpdate) refers to sm_pairing.o(i.sm_c1) for sm_c1
    sm_pairing.o(i.SM_PasskeyUpdate) refers to sm_pairing.o(i.smGenerateConfirm) for smGenerateConfirm
    sm_pairing.o(i.SM_PasskeyUpdate) refers to sm_pairing.o(.data) for .data
    sm_pairing.o(i.SM_StartPairing) refers to gap_configmgr.o(i.GAP_GetParamValue) for GAP_GetParamValue
    sm_pairing.o(i.SM_StartPairing) refers to sm_pairing.o(i.smGeneratePairingReqRsp) for smGeneratePairingReqRsp
    sm_pairing.o(i.SM_StartPairing) refers to sm_pairing.o(i.smFreePairingParams) for smFreePairingParams
    sm_pairing.o(i.SM_StartPairing) refers to sm_pairing.o(.data) for .data
    sm_pairing.o(i.smDetermineKeySize) refers to sm_pairing.o(.data) for .data
    sm_pairing.o(i.smEndPairing) refers to gap_linkmgr.o(i.gapPairingCompleteCB) for gapPairingCompleteCB
    sm_pairing.o(i.smEndPairing) refers to sm_pairing.o(i.smFreePairingParams) for smFreePairingParams
    sm_pairing.o(i.smEndPairing) refers to sm_pairing.o(.data) for .data
    sm_pairing.o(i.smFreePairingParams) refers to sm_mgr.o(i.smStopRspTimer) for smStopRspTimer
    sm_pairing.o(i.smFreePairingParams) refers to sm_pairing.o(.data) for .data
    sm_pairing.o(i.smGenerateConfirm) refers to smp.o(i.smSendSMMsg) for smSendSMMsg
    sm_pairing.o(i.smGenerateConfirm) refers to sm_pairing.o(.data) for .data
    sm_pairing.o(i.smGenerateConfirm) refers to smp.o(i.smpBuildPairingConfirm) for smpBuildPairingConfirm
    sm_pairing.o(i.smGeneratePairingReqRsp) refers to sm_pairing.o(i.smSetPairingReqRsp) for smSetPairingReqRsp
    sm_pairing.o(i.smGeneratePairingReqRsp) refers to smp.o(i.smSendSMMsg) for smSendSMMsg
    sm_pairing.o(i.smGeneratePairingReqRsp) refers to sm_pairing.o(.data) for .data
    sm_pairing.o(i.smGeneratePairingReqRsp) refers to smp.o(i.smpBuildPairingReq) for smpBuildPairingReq
    sm_pairing.o(i.smGeneratePairingReqRsp) refers to smp.o(i.smpBuildPairingRsp) for smpBuildPairingRsp
    sm_pairing.o(i.smGenerateRandMsg) refers to smp.o(i.smSendSMMsg) for smSendSMMsg
    sm_pairing.o(i.smGenerateRandMsg) refers to sm_pairing.o(.data) for .data
    sm_pairing.o(i.smGenerateRandMsg) refers to smp.o(i.smpBuildPairingRandom) for smpBuildPairingRandom
    sm_pairing.o(i.smLinkCheck) refers to sm_pairing.o(i.smFreePairingParams) for smFreePairingParams
    sm_pairing.o(i.smLinkCheck) refers to sm_pairing.o(.data) for .data
    sm_pairing.o(i.smNextPairingState) refers to sm_pairing.o(i.smEndPairing) for smEndPairing
    sm_pairing.o(i.smNextPairingState) refers to sm_pairing.o(.data) for .data
    sm_pairing.o(i.smPairingSendEncInfo) refers to smp.o(i.smSendSMMsg) for smSendSMMsg
    sm_pairing.o(i.smPairingSendEncInfo) refers to smp.o(i.smpBuildEncInfo) for smpBuildEncInfo
    sm_pairing.o(i.smPairingSendIdentityAddrInfo) refers to smp.o(i.smSendSMMsg) for smSendSMMsg
    sm_pairing.o(i.smPairingSendIdentityAddrInfo) refers to smp.o(i.smpBuildIdentityAddrInfo) for smpBuildIdentityAddrInfo
    sm_pairing.o(i.smPairingSendIdentityInfo) refers to smp.o(i.smSendSMMsg) for smSendSMMsg
    sm_pairing.o(i.smPairingSendIdentityInfo) refers to smp.o(i.smpBuildIdentityInfo) for smpBuildIdentityInfo
    sm_pairing.o(i.smPairingSendMasterID) refers to smp.o(i.smSendSMMsg) for smSendSMMsg
    sm_pairing.o(i.smPairingSendMasterID) refers to smp.o(i.smpBuildMasterID) for smpBuildMasterID
    sm_pairing.o(i.smPairingSendSingingInfo) refers to smp.o(i.smSendSMMsg) for smSendSMMsg
    sm_pairing.o(i.smPairingSendSingingInfo) refers to smp.o(i.smpBuildSigningInfo) for smpBuildSigningInfo
    sm_pairing.o(i.smProcessDataMsg) refers to central.o(i.__ARM_common_switch8) for __ARM_common_switch8
    sm_pairing.o(i.smProcessDataMsg) refers to smp.o(i.smpParsePairingReq) for smpParsePairingReq
    sm_pairing.o(i.smProcessDataMsg) refers to smp.o(i.smpParsePairingConfirm) for smpParsePairingConfirm
    sm_pairing.o(i.smProcessDataMsg) refers to smp.o(i.smpParsePairingRandom) for smpParsePairingRandom
    sm_pairing.o(i.smProcessDataMsg) refers to smp.o(i.smpParsePairingFailed) for smpParsePairingFailed
    sm_pairing.o(i.smProcessDataMsg) refers to smp.o(i.smpParseEncInfo) for smpParseEncInfo
    sm_pairing.o(i.smProcessDataMsg) refers to smp.o(i.smpParseMasterID) for smpParseMasterID
    sm_pairing.o(i.smProcessDataMsg) refers to smp.o(i.smpParseIdentityInfo) for smpParseIdentityInfo
    sm_pairing.o(i.smProcessDataMsg) refers to smp.o(i.smpParseIdentityAddrInfo) for smpParseIdentityAddrInfo
    sm_pairing.o(i.smProcessDataMsg) refers to smp.o(i.smpParseSigningInfo) for smpParseSigningInfo
    sm_pairing.o(i.smProcessDataMsg) refers to smp.o(i.smpParseSecurityReq) for smpParseSecurityReq
    sm_pairing.o(i.smProcessDataMsg) refers to sm_pairing.o(i.smpProcessIncoming) for smpProcessIncoming
    sm_pairing.o(i.smProcessDataMsg) refers to sm_pairing.o(i.smSendFailAndEnd) for smSendFailAndEnd
    sm_pairing.o(i.smProcessDataMsg) refers to sm_mgr.o(i.smStartRspTimer) for smStartRspTimer
    sm_pairing.o(i.smProcessEncryptChange) refers to sm_pairing.o(i.smEndPairing) for smEndPairing
    sm_pairing.o(i.smProcessEncryptChange) refers to linkdb.o(i.linkDB_Find) for linkDB_Find
    sm_pairing.o(i.smProcessEncryptChange) refers to gap_linkmgr.o(i.gapSendBondCompleteEvent) for gapSendBondCompleteEvent
    sm_pairing.o(i.smProcessEncryptChange) refers to sm_pairing.o(.data) for .data
    sm_pairing.o(i.smProcessPairingReq) refers to sm_mgr.o(i.smUint8ToAuthReq) for smUint8ToAuthReq
    sm_pairing.o(i.smProcessPairingReq) refers to sm_pairing.o(i.smSendFailAndEnd) for smSendFailAndEnd
    sm_pairing.o(i.smProcessPairingReq) refers to sm_pairing.o(.data) for .data
    sm_pairing.o(i.smRegisterInitiator) refers to sm_pairing.o(.data) for .data
    sm_pairing.o(i.smRegisterResponder) refers to sm_pairing.o(.data) for .data
    sm_pairing.o(i.smSavePairInfo) refers to sm_pairing.o(.data) for .data
    sm_pairing.o(i.smSavePairInfo) refers to sm_pairing.o(.constdata) for .constdata
    sm_pairing.o(i.smSendFailAndEnd) refers to smp.o(i.smSendSMMsg) for smSendSMMsg
    sm_pairing.o(i.smSendFailAndEnd) refers to sm_pairing.o(i.smEndPairing) for smEndPairing
    sm_pairing.o(i.smSendFailAndEnd) refers to smp.o(i.smpBuildPairingFailed) for smpBuildPairingFailed
    sm_pairing.o(i.smSetPairingReqRsp) refers to sm_mgr.o(i.smUint8ToAuthReq) for smUint8ToAuthReq
    sm_pairing.o(i.smSetPairingReqRsp) refers to sm_pairing.o(.data) for .data
    sm_pairing.o(i.smStartEncryption) refers to sm_pairing.o(.data) for .data
    sm_pairing.o(i.smTimedOut) refers to sm_pairing.o(i.smEndPairing) for smEndPairing
    sm_pairing.o(i.sm_c1) refers to linkdb.o(i.linkDB_Find) for linkDB_Find
    sm_pairing.o(i.sm_c1) refers to sm_pairing.o(i.smSetPairingReqRsp) for smSetPairingReqRsp
    sm_pairing.o(i.sm_c1) refers to gap_configmgr.o(i.gapGetDevAddressMode) for gapGetDevAddressMode
    sm_pairing.o(i.sm_c1) refers to gap_configmgr.o(i.gapGetDevAddress) for gapGetDevAddress
    sm_pairing.o(i.sm_c1) refers to smp.o(i.smpBuildPairingRsp) for smpBuildPairingRsp
    sm_pairing.o(i.sm_c1) refers to smp.o(i.smpBuildPairingReq) for smpBuildPairingReq
    sm_pairing.o(i.sm_c1) refers to sm_mgr.o(i.sm_c1new) for sm_c1new
    sm_pairing.o(i.sm_c1) refers to sm_pairing.o(.data) for .data
    sm_pairing.o(i.smpProcessIncoming) refers to linkdb.o(i.linkDB_Find) for linkDB_Find
    sm_pairing.o(i.smpProcessIncoming) refers to gap_configmgr.o(.data) for gapProfileRole
    sm_pairing.o(i.smpProcessIncoming) refers to sm_pairing.o(.data) for .data
    smp.o(i.smSendSMMsg) refers to l2cap_util.o(i.L2CAP_bm_alloc) for L2CAP_bm_alloc
    smp.o(i.smSendSMMsg) refers to l2cap_if.o(i.L2CAP_SendData) for L2CAP_SendData
    smp.o(i.smSendSMMsg) refers to sm_mgr.o(i.smStartRspTimer) for smStartRspTimer
    smp.o(i.smpBuildPairingReq) refers to smp.o(i.smpBuildPairingReqRsp) for smpBuildPairingReqRsp
    smp.o(i.smpBuildPairingReqRsp) refers to sm_mgr.o(i.smAuthReqToUint8) for smAuthReqToUint8
    smp.o(i.smpBuildPairingRsp) refers to smp.o(i.smpBuildPairingReqRsp) for smpBuildPairingReqRsp
    smp.o(i.smpBuildSecurityReq) refers to sm_mgr.o(i.smAuthReqToUint8) for smAuthReqToUint8
    smp.o(i.smpParsePairingReq) refers to sm_mgr.o(i.smUint8ToAuthReq) for smUint8ToAuthReq
    smp.o(i.smpParsePairingReq) refers to gap_configmgr.o(i.GAP_GetParamValue) for GAP_GetParamValue
    smp.o(i.smpParseSecurityReq) refers to sm_mgr.o(i.smUint8ToAuthReq) for smUint8ToAuthReq
    entry.o(.ARM.Collect$$$$00000000) refers (Special) to entry10a.o(.ARM.Collect$$$$0000000D) for __rt_final_cpp
    entry.o(.ARM.Collect$$$$00000000) refers (Special) to entry11a.o(.ARM.Collect$$$$0000000F) for __rt_final_exit
    entry.o(.ARM.Collect$$$$00000000) refers (Special) to entry7b.o(.ARM.Collect$$$$00000008) for _main_clock
    entry.o(.ARM.Collect$$$$00000000) refers (Special) to entry8b.o(.ARM.Collect$$$$0000000A) for _main_cpp_init
    entry.o(.ARM.Collect$$$$00000000) refers (Special) to entry9a.o(.ARM.Collect$$$$0000000B) for _main_init
    entry.o(.ARM.Collect$$$$00000000) refers (Special) to entry5.o(.ARM.Collect$$$$00000004) for _main_scatterload
    entry.o(.ARM.Collect$$$$00000000) refers (Special) to entry2.o(.ARM.Collect$$$$00000001) for _main_stk
    idiv.o(.text) refers to uidiv.o(.text) for __aeabi_uidivmod
    printfb.o(i.__0fprintf$bare) refers to printfb.o(i._printf_core) for _printf_core
    printfb.o(i.__0fprintf$bare) refers to fputc.o(i.fputc) for fputc
    printfb.o(i.__0printf$bare) refers to printfb.o(i._printf_core) for _printf_core
    printfb.o(i.__0printf$bare) refers to fputc.o(i.fputc) for fputc
    printfb.o(i.__0printf$bare) refers to stdout.o(.data) for __stdout
    printfb.o(i.__0snprintf$bare) refers to printfb.o(i._printf_core) for _printf_core
    printfb.o(i.__0snprintf$bare) refers to printfb.o(i._snputc) for _snputc
    printfb.o(i.__0sprintf$bare) refers to printfb.o(i._printf_core) for _printf_core
    printfb.o(i.__0sprintf$bare) refers to printfb.o(i._sputc) for _sputc
    printfb.o(i.__0vfprintf$bare) refers to printfb.o(i._printf_core) for _printf_core
    printfb.o(i.__0vfprintf$bare) refers to fputc.o(i.fputc) for fputc
    printfb.o(i.__0vprintf$bare) refers to printfb.o(i._printf_core) for _printf_core
    printfb.o(i.__0vprintf$bare) refers to fputc.o(i.fputc) for fputc
    printfb.o(i.__0vprintf$bare) refers to stdout.o(.data) for __stdout
    printfb.o(i.__0vsnprintf$bare) refers to printfb.o(i._printf_core) for _printf_core
    printfb.o(i.__0vsnprintf$bare) refers to printfb.o(i._snputc) for _snputc
    printfb.o(i.__0vsprintf$bare) refers to printfb.o(i._printf_core) for _printf_core
    printfb.o(i.__0vsprintf$bare) refers to printfb.o(i._sputc) for _sputc
    printf0.o(i.__0fprintf$0) refers to printf0.o(i._printf_core) for _printf_core
    printf0.o(i.__0fprintf$0) refers to fputc.o(i.fputc) for fputc
    printf0.o(i.__0printf$0) refers to printf0.o(i._printf_core) for _printf_core
    printf0.o(i.__0printf$0) refers to fputc.o(i.fputc) for fputc
    printf0.o(i.__0printf$0) refers to stdout.o(.data) for __stdout
    printf0.o(i.__0snprintf$0) refers to printf0.o(i._printf_core) for _printf_core
    printf0.o(i.__0snprintf$0) refers to printf0.o(i._snputc) for _snputc
    printf0.o(i.__0sprintf$0) refers to printf0.o(i._printf_core) for _printf_core
    printf0.o(i.__0sprintf$0) refers to printf0.o(i._sputc) for _sputc
    printf0.o(i.__0vfprintf$0) refers to printf0.o(i._printf_core) for _printf_core
    printf0.o(i.__0vfprintf$0) refers to fputc.o(i.fputc) for fputc
    printf0.o(i.__0vprintf$0) refers to printf0.o(i._printf_core) for _printf_core
    printf0.o(i.__0vprintf$0) refers to fputc.o(i.fputc) for fputc
    printf0.o(i.__0vprintf$0) refers to stdout.o(.data) for __stdout
    printf0.o(i.__0vsnprintf$0) refers to printf0.o(i._printf_core) for _printf_core
    printf0.o(i.__0vsnprintf$0) refers to printf0.o(i._snputc) for _snputc
    printf0.o(i.__0vsprintf$0) refers to printf0.o(i._printf_core) for _printf_core
    printf0.o(i.__0vsprintf$0) refers to printf0.o(i._sputc) for _sputc
    printf1.o(i.__0fprintf$1) refers to printf1.o(i._printf_core) for _printf_core
    printf1.o(i.__0fprintf$1) refers to fputc.o(i.fputc) for fputc
    printf1.o(i.__0printf$1) refers to printf1.o(i._printf_core) for _printf_core
    printf1.o(i.__0printf$1) refers to fputc.o(i.fputc) for fputc
    printf1.o(i.__0printf$1) refers to stdout.o(.data) for __stdout
    printf1.o(i.__0snprintf$1) refers to printf1.o(i._printf_core) for _printf_core
    printf1.o(i.__0snprintf$1) refers to printf1.o(i._snputc) for _snputc
    printf1.o(i.__0sprintf$1) refers to printf1.o(i._printf_core) for _printf_core
    printf1.o(i.__0sprintf$1) refers to printf1.o(i._sputc) for _sputc
    printf1.o(i.__0vfprintf$1) refers to printf1.o(i._printf_core) for _printf_core
    printf1.o(i.__0vfprintf$1) refers to fputc.o(i.fputc) for fputc
    printf1.o(i.__0vprintf$1) refers to printf1.o(i._printf_core) for _printf_core
    printf1.o(i.__0vprintf$1) refers to fputc.o(i.fputc) for fputc
    printf1.o(i.__0vprintf$1) refers to stdout.o(.data) for __stdout
    printf1.o(i.__0vsnprintf$1) refers to printf1.o(i._printf_core) for _printf_core
    printf1.o(i.__0vsnprintf$1) refers to printf1.o(i._snputc) for _snputc
    printf1.o(i.__0vsprintf$1) refers to printf1.o(i._printf_core) for _printf_core
    printf1.o(i.__0vsprintf$1) refers to printf1.o(i._sputc) for _sputc
    printf1.o(i._printf_core) refers to uidiv.o(.text) for __aeabi_uidivmod
    printf2.o(i.__0fprintf$2) refers to printf2.o(i._printf_core) for _printf_core
    printf2.o(i.__0fprintf$2) refers to fputc.o(i.fputc) for fputc
    printf2.o(i.__0printf$2) refers to printf2.o(i._printf_core) for _printf_core
    printf2.o(i.__0printf$2) refers to fputc.o(i.fputc) for fputc
    printf2.o(i.__0printf$2) refers to stdout.o(.data) for __stdout
    printf2.o(i.__0snprintf$2) refers to printf2.o(i._printf_core) for _printf_core
    printf2.o(i.__0snprintf$2) refers to printf2.o(i._snputc) for _snputc
    printf2.o(i.__0sprintf$2) refers to printf2.o(i._printf_core) for _printf_core
    printf2.o(i.__0sprintf$2) refers to printf2.o(i._sputc) for _sputc
    printf2.o(i.__0vfprintf$2) refers to printf2.o(i._printf_core) for _printf_core
    printf2.o(i.__0vfprintf$2) refers to fputc.o(i.fputc) for fputc
    printf2.o(i.__0vprintf$2) refers to printf2.o(i._printf_core) for _printf_core
    printf2.o(i.__0vprintf$2) refers to fputc.o(i.fputc) for fputc
    printf2.o(i.__0vprintf$2) refers to stdout.o(.data) for __stdout
    printf2.o(i.__0vsnprintf$2) refers to printf2.o(i._printf_core) for _printf_core
    printf2.o(i.__0vsnprintf$2) refers to printf2.o(i._snputc) for _snputc
    printf2.o(i.__0vsprintf$2) refers to printf2.o(i._printf_core) for _printf_core
    printf2.o(i.__0vsprintf$2) refers to printf2.o(i._sputc) for _sputc
    printf3.o(i.__0fprintf$3) refers to printf3.o(i._printf_core) for _printf_core
    printf3.o(i.__0fprintf$3) refers to fputc.o(i.fputc) for fputc
    printf3.o(i.__0printf$3) refers to printf3.o(i._printf_core) for _printf_core
    printf3.o(i.__0printf$3) refers to fputc.o(i.fputc) for fputc
    printf3.o(i.__0printf$3) refers to stdout.o(.data) for __stdout
    printf3.o(i.__0snprintf$3) refers to printf3.o(i._printf_core) for _printf_core
    printf3.o(i.__0snprintf$3) refers to printf3.o(i._snputc) for _snputc
    printf3.o(i.__0sprintf$3) refers to printf3.o(i._printf_core) for _printf_core
    printf3.o(i.__0sprintf$3) refers to printf3.o(i._sputc) for _sputc
    printf3.o(i.__0vfprintf$3) refers to printf3.o(i._printf_core) for _printf_core
    printf3.o(i.__0vfprintf$3) refers to fputc.o(i.fputc) for fputc
    printf3.o(i.__0vprintf$3) refers to printf3.o(i._printf_core) for _printf_core
    printf3.o(i.__0vprintf$3) refers to fputc.o(i.fputc) for fputc
    printf3.o(i.__0vprintf$3) refers to stdout.o(.data) for __stdout
    printf3.o(i.__0vsnprintf$3) refers to printf3.o(i._printf_core) for _printf_core
    printf3.o(i.__0vsnprintf$3) refers to printf3.o(i._snputc) for _snputc
    printf3.o(i.__0vsprintf$3) refers to printf3.o(i._printf_core) for _printf_core
    printf3.o(i.__0vsprintf$3) refers to printf3.o(i._sputc) for _sputc
    printf3.o(i._printf_core) refers to uidiv.o(.text) for __aeabi_uidivmod
    printf4.o(i.__0fprintf$4) refers to printf4.o(i._printf_core) for _printf_core
    printf4.o(i.__0fprintf$4) refers to fputc.o(i.fputc) for fputc
    printf4.o(i.__0printf$4) refers to printf4.o(i._printf_core) for _printf_core
    printf4.o(i.__0printf$4) refers to fputc.o(i.fputc) for fputc
    printf4.o(i.__0printf$4) refers to stdout.o(.data) for __stdout
    printf4.o(i.__0snprintf$4) refers to printf4.o(i._printf_core) for _printf_core
    printf4.o(i.__0snprintf$4) refers to printf4.o(i._snputc) for _snputc
    printf4.o(i.__0sprintf$4) refers to printf4.o(i._printf_core) for _printf_core
    printf4.o(i.__0sprintf$4) refers to printf4.o(i._sputc) for _sputc
    printf4.o(i.__0vfprintf$4) refers to printf4.o(i._printf_core) for _printf_core
    printf4.o(i.__0vfprintf$4) refers to fputc.o(i.fputc) for fputc
    printf4.o(i.__0vprintf$4) refers to printf4.o(i._printf_core) for _printf_core
    printf4.o(i.__0vprintf$4) refers to fputc.o(i.fputc) for fputc
    printf4.o(i.__0vprintf$4) refers to stdout.o(.data) for __stdout
    printf4.o(i.__0vsnprintf$4) refers to printf4.o(i._printf_core) for _printf_core
    printf4.o(i.__0vsnprintf$4) refers to printf4.o(i._snputc) for _snputc
    printf4.o(i.__0vsprintf$4) refers to printf4.o(i._printf_core) for _printf_core
    printf4.o(i.__0vsprintf$4) refers to printf4.o(i._sputc) for _sputc
    printf4.o(i._printf_core) refers to uldiv.o(.text) for __aeabi_uldivmod
    printf5.o(i.__0fprintf$5) refers to printf5.o(i._printf_core) for _printf_core
    printf5.o(i.__0fprintf$5) refers to fputc.o(i.fputc) for fputc
    printf5.o(i.__0printf$5) refers to printf5.o(i._printf_core) for _printf_core
    printf5.o(i.__0printf$5) refers to fputc.o(i.fputc) for fputc
    printf5.o(i.__0printf$5) refers to stdout.o(.data) for __stdout
    printf5.o(i.__0snprintf$5) refers to printf5.o(i._printf_core) for _printf_core
    printf5.o(i.__0snprintf$5) refers to printf5.o(i._snputc) for _snputc
    printf5.o(i.__0sprintf$5) refers to printf5.o(i._printf_core) for _printf_core
    printf5.o(i.__0sprintf$5) refers to printf5.o(i._sputc) for _sputc
    printf5.o(i.__0vfprintf$5) refers to printf5.o(i._printf_core) for _printf_core
    printf5.o(i.__0vfprintf$5) refers to fputc.o(i.fputc) for fputc
    printf5.o(i.__0vprintf$5) refers to printf5.o(i._printf_core) for _printf_core
    printf5.o(i.__0vprintf$5) refers to fputc.o(i.fputc) for fputc
    printf5.o(i.__0vprintf$5) refers to stdout.o(.data) for __stdout
    printf5.o(i.__0vsnprintf$5) refers to printf5.o(i._printf_core) for _printf_core
    printf5.o(i.__0vsnprintf$5) refers to printf5.o(i._snputc) for _snputc
    printf5.o(i.__0vsprintf$5) refers to printf5.o(i._printf_core) for _printf_core
    printf5.o(i.__0vsprintf$5) refers to printf5.o(i._sputc) for _sputc
    printf5.o(i._printf_core) refers to uldiv.o(.text) for __aeabi_uldivmod
    printf6.o(i.__0fprintf$6) refers to printf6.o(i._printf_core) for _printf_core
    printf6.o(i.__0fprintf$6) refers to fputc.o(i.fputc) for fputc
    printf6.o(i.__0printf$6) refers to printf6.o(i._printf_core) for _printf_core
    printf6.o(i.__0printf$6) refers to fputc.o(i.fputc) for fputc
    printf6.o(i.__0printf$6) refers to stdout.o(.data) for __stdout
    printf6.o(i.__0snprintf$6) refers to printf6.o(i._printf_core) for _printf_core
    printf6.o(i.__0snprintf$6) refers to printf6.o(i._snputc) for _snputc
    printf6.o(i.__0sprintf$6) refers to printf6.o(i._printf_core) for _printf_core
    printf6.o(i.__0sprintf$6) refers to printf6.o(i._sputc) for _sputc
    printf6.o(i.__0vfprintf$6) refers to printf6.o(i._printf_core) for _printf_core
    printf6.o(i.__0vfprintf$6) refers to fputc.o(i.fputc) for fputc
    printf6.o(i.__0vprintf$6) refers to printf6.o(i._printf_core) for _printf_core
    printf6.o(i.__0vprintf$6) refers to fputc.o(i.fputc) for fputc
    printf6.o(i.__0vprintf$6) refers to stdout.o(.data) for __stdout
    printf6.o(i.__0vsnprintf$6) refers to printf6.o(i._printf_core) for _printf_core
    printf6.o(i.__0vsnprintf$6) refers to printf6.o(i._snputc) for _snputc
    printf6.o(i.__0vsprintf$6) refers to printf6.o(i._printf_core) for _printf_core
    printf6.o(i.__0vsprintf$6) refers to printf6.o(i._sputc) for _sputc
    printf6.o(i._printf_core) refers to printf6.o(i._printf_pre_padding) for _printf_pre_padding
    printf6.o(i._printf_core) refers to printf6.o(i._printf_post_padding) for _printf_post_padding
    printf6.o(i._printf_core) refers to uidiv.o(.text) for __aeabi_uidivmod
    printf7.o(i.__0fprintf$7) refers to printf7.o(i._printf_core) for _printf_core
    printf7.o(i.__0fprintf$7) refers to fputc.o(i.fputc) for fputc
    printf7.o(i.__0printf$7) refers to printf7.o(i._printf_core) for _printf_core
    printf7.o(i.__0printf$7) refers to fputc.o(i.fputc) for fputc
    printf7.o(i.__0printf$7) refers to stdout.o(.data) for __stdout
    printf7.o(i.__0snprintf$7) refers to printf7.o(i._printf_core) for _printf_core
    printf7.o(i.__0snprintf$7) refers to printf7.o(i._snputc) for _snputc
    printf7.o(i.__0sprintf$7) refers to printf7.o(i._printf_core) for _printf_core
    printf7.o(i.__0sprintf$7) refers to printf7.o(i._sputc) for _sputc
    printf7.o(i.__0vfprintf$7) refers to printf7.o(i._printf_core) for _printf_core
    printf7.o(i.__0vfprintf$7) refers to fputc.o(i.fputc) for fputc
    printf7.o(i.__0vprintf$7) refers to printf7.o(i._printf_core) for _printf_core
    printf7.o(i.__0vprintf$7) refers to fputc.o(i.fputc) for fputc
    printf7.o(i.__0vprintf$7) refers to stdout.o(.data) for __stdout
    printf7.o(i.__0vsnprintf$7) refers to printf7.o(i._printf_core) for _printf_core
    printf7.o(i.__0vsnprintf$7) refers to printf7.o(i._snputc) for _snputc
    printf7.o(i.__0vsprintf$7) refers to printf7.o(i._printf_core) for _printf_core
    printf7.o(i.__0vsprintf$7) refers to printf7.o(i._sputc) for _sputc
    printf7.o(i._printf_core) refers to printf7.o(i._printf_pre_padding) for _printf_pre_padding
    printf7.o(i._printf_core) refers to printf7.o(i._printf_post_padding) for _printf_post_padding
    printf7.o(i._printf_core) refers to uldiv.o(.text) for __aeabi_uldivmod
    printf8.o(i.__0fprintf$8) refers to printf8.o(i._printf_core) for _printf_core
    printf8.o(i.__0fprintf$8) refers to fputc.o(i.fputc) for fputc
    printf8.o(i.__0printf$8) refers to printf8.o(i._printf_core) for _printf_core
    printf8.o(i.__0printf$8) refers to fputc.o(i.fputc) for fputc
    printf8.o(i.__0printf$8) refers to stdout.o(.data) for __stdout
    printf8.o(i.__0snprintf$8) refers to printf8.o(i._printf_core) for _printf_core
    printf8.o(i.__0snprintf$8) refers to printf8.o(i._snputc) for _snputc
    printf8.o(i.__0sprintf$8) refers to printf8.o(i._printf_core) for _printf_core
    printf8.o(i.__0sprintf$8) refers to printf8.o(i._sputc) for _sputc
    printf8.o(i.__0vfprintf$8) refers to printf8.o(i._printf_core) for _printf_core
    printf8.o(i.__0vfprintf$8) refers to fputc.o(i.fputc) for fputc
    printf8.o(i.__0vprintf$8) refers to printf8.o(i._printf_core) for _printf_core
    printf8.o(i.__0vprintf$8) refers to fputc.o(i.fputc) for fputc
    printf8.o(i.__0vprintf$8) refers to stdout.o(.data) for __stdout
    printf8.o(i.__0vsnprintf$8) refers to printf8.o(i._printf_core) for _printf_core
    printf8.o(i.__0vsnprintf$8) refers to printf8.o(i._snputc) for _snputc
    printf8.o(i.__0vsprintf$8) refers to printf8.o(i._printf_core) for _printf_core
    printf8.o(i.__0vsprintf$8) refers to printf8.o(i._sputc) for _sputc
    printf8.o(i._printf_core) refers to printf8.o(i._printf_pre_padding) for _printf_pre_padding
    printf8.o(i._printf_core) refers to printf8.o(i._printf_post_padding) for _printf_post_padding
    printf8.o(i._printf_core) refers to uldiv.o(.text) for __aeabi_uldivmod
    printfa.o(i.__0fprintf) refers (Special) to iusefp.o(.text) for __I$use$fp
    printfa.o(i.__0fprintf) refers to printfa.o(i._printf_core) for _printf_core
    printfa.o(i.__0fprintf) refers to fputc.o(i.fputc) for fputc
    printfa.o(i.__0printf) refers (Special) to iusefp.o(.text) for __I$use$fp
    printfa.o(i.__0printf) refers to printfa.o(i._printf_core) for _printf_core
    printfa.o(i.__0printf) refers to fputc.o(i.fputc) for fputc
    printfa.o(i.__0printf) refers to stdout.o(.data) for __stdout
    printfa.o(i.__0snprintf) refers (Special) to iusefp.o(.text) for __I$use$fp
    printfa.o(i.__0snprintf) refers to printfa.o(i._printf_core) for _printf_core
    printfa.o(i.__0snprintf) refers to printfa.o(i._snputc) for _snputc
    printfa.o(i.__0sprintf) refers (Special) to iusefp.o(.text) for __I$use$fp
    printfa.o(i.__0sprintf) refers to printfa.o(i._printf_core) for _printf_core
    printfa.o(i.__0sprintf) refers to printfa.o(i._sputc) for _sputc
    printfa.o(i.__0vfprintf) refers (Special) to iusefp.o(.text) for __I$use$fp
    printfa.o(i.__0vfprintf) refers to printfa.o(i._printf_core) for _printf_core
    printfa.o(i.__0vfprintf) refers to fputc.o(i.fputc) for fputc
    printfa.o(i.__0vprintf) refers (Special) to iusefp.o(.text) for __I$use$fp
    printfa.o(i.__0vprintf) refers to printfa.o(i._printf_core) for _printf_core
    printfa.o(i.__0vprintf) refers to fputc.o(i.fputc) for fputc
    printfa.o(i.__0vprintf) refers to stdout.o(.data) for __stdout
    printfa.o(i.__0vsnprintf) refers (Special) to iusefp.o(.text) for __I$use$fp
    printfa.o(i.__0vsnprintf) refers to printfa.o(i._printf_core) for _printf_core
    printfa.o(i.__0vsnprintf) refers to printfa.o(i._snputc) for _snputc
    printfa.o(i.__0vsprintf) refers (Special) to iusefp.o(.text) for __I$use$fp
    printfa.o(i.__0vsprintf) refers to printfa.o(i._printf_core) for _printf_core
    printfa.o(i.__0vsprintf) refers to printfa.o(i._sputc) for _sputc
    printfa.o(i._fp_digits) refers (Special) to iusefp.o(.text) for __I$use$fp
    printfa.o(i._fp_digits) refers to dmul.o(.text) for __aeabi_dmul
    printfa.o(i._fp_digits) refers to ddiv.o(.text) for __aeabi_ddiv
    printfa.o(i._fp_digits) refers to cdrcmple.o(.text) for __aeabi_cdrcmple
    printfa.o(i._fp_digits) refers to dadd.o(.text) for __aeabi_dadd
    printfa.o(i._fp_digits) refers to dfixul.o(.text) for __aeabi_d2ulz
    printfa.o(i._fp_digits) refers to uldiv.o(.text) for __aeabi_uldivmod
    printfa.o(i._printf_core) refers (Special) to iusefp.o(.text) for __I$use$fp
    printfa.o(i._printf_core) refers to printfa.o(i._printf_pre_padding) for _printf_pre_padding
    printfa.o(i._printf_core) refers to uldiv.o(.text) for __aeabi_uldivmod
    printfa.o(i._printf_core) refers to printfa.o(i._printf_post_padding) for _printf_post_padding
    printfa.o(i._printf_core) refers to printfa.o(i._fp_digits) for _fp_digits
    printfa.o(i._printf_core) refers to uidiv.o(.text) for __aeabi_uidivmod
    printfa.o(i._printf_post_padding) refers (Special) to iusefp.o(.text) for __I$use$fp
    printfa.o(i._printf_pre_padding) refers (Special) to iusefp.o(.text) for __I$use$fp
    printfa.o(i._snputc) refers (Special) to iusefp.o(.text) for __I$use$fp
    printfa.o(i._sputc) refers (Special) to iusefp.o(.text) for __I$use$fp
    entry2.o(.ARM.Collect$$$$00000001) refers to entry2.o(.ARM.Collect$$$$00002712) for __lit__00000000
    entry2.o(.ARM.Collect$$$$00002712) refers to startup_armcm0.o(STACK) for __initial_sp
    entry2.o(__vectab_stack_and_reset_area) refers to startup_armcm0.o(STACK) for __initial_sp
    entry2.o(__vectab_stack_and_reset_area) refers to entry.o(.ARM.Collect$$$$00000000) for __main
    entry5.o(.ARM.Collect$$$$00000004) refers to init.o(.text) for __scatterload
    entry9a.o(.ARM.Collect$$$$0000000B) refers to main.o(i.main) for main
    entry9b.o(.ARM.Collect$$$$0000000C) refers to main.o(i.main) for main
    fputc.o(i.fputc) refers (Special) to iusesemip.o(.text) for __I$use$semihosting$fputc
    fputc.o(i.fputc) refers (Special) to semi.o(.text) for __semihosting_library_function
    uldiv.o(.text) refers to llushr.o(.text) for __aeabi_llsr
    uldiv.o(.text) refers to llshl.o(.text) for __aeabi_llsl
    dadd.o(.text) refers to llshl.o(.text) for __aeabi_llsl
    dadd.o(.text) refers to llsshr.o(.text) for __aeabi_lasr
    dadd.o(.text) refers to depilogue.o(.text) for _double_epilogue
    dmul.o(.text) refers to depilogue.o(.text) for _double_epilogue
    ddiv.o(.text) refers to depilogue.o(.text) for _double_round
    dfixul.o(.text) refers to llushr.o(.text) for __aeabi_llsr
    dfixul.o(.text) refers to llshl.o(.text) for __aeabi_llsl
    init.o(.text) refers to entry5.o(.ARM.Collect$$$$00000004) for __main_after_scatterload
    depilogue.o(.text) refers to depilogue.o(i.__ARM_clz) for __ARM_clz
    depilogue.o(.text) refers to llshl.o(.text) for __aeabi_llsl
    depilogue.o(.text) refers to llushr.o(.text) for __aeabi_llsr


==============================================================================

Removing Unused input sections from the image.

    Removing main.o(.rev16_text), (4 bytes).
    Removing main.o(.revsh_text), (4 bytes).
    Removing main.o(.data), (1 bytes).
    Removing uart.o(.rev16_text), (4 bytes).
    Removing uart.o(.revsh_text), (4 bytes).
    Removing uart.o(i.hal_uart_deinit), (48 bytes).
    Removing uart.o(i.hal_uart_get_tx_ready), (32 bytes).
    Removing uart.o(i.hal_uart_init), (100 bytes).
    Removing uart.o(i.hal_uart_send_buff), (32 bytes).
    Removing uart.o(i.hal_uart_send_byte), (76 bytes).
    Removing uart.o(i.hal_uart_set_tx_buf), (72 bytes).
    Removing uart.o(i.txmit_buf_polling), (108 bytes).
    Removing uart.o(i.txmit_buf_use_tx_buf), (152 bytes).
    Removing uart.o(i.uart_hw_deinit), (132 bytes).
    Removing uart.o(i.uart_hw_init), (340 bytes).
    Removing uart.o(i.uart_wakeup_process_0), (10 bytes).
    Removing uart.o(i.uart_wakeup_process_1), (10 bytes).
    Removing clock.o(.rev16_text), (4 bytes).
    Removing clock.o(.revsh_text), (4 bytes).
    Removing clock.o(i.WaitMs), (40 bytes).
    Removing clock.o(i.WaitUs), (44 bytes).
    Removing clock.o(i.hal_clk_gate_get), (36 bytes).
    Removing clock.o(i.hal_clk_get_modules_state), (18 bytes).
    Removing clock.o(i.hal_clk_reset), (122 bytes).
    Removing clock.o(i.hal_ms_intv), (40 bytes).
    Removing clock.o(i.hal_system_soft_reset), (14 bytes).
    Removing clock.o(i.hal_systick), (12 bytes).
    Removing gpio.o(.rev16_text), (4 bytes).
    Removing gpio.o(.revsh_text), (4 bytes).
    Removing gpio.o(i.hal_gpio_debug_mux), (28 bytes).
    Removing gpio.o(i.hal_gpio_ds_control), (28 bytes).
    Removing gpio.o(i.hal_gpio_fast_write), (28 bytes).
    Removing gpio.o(i.hal_gpioin_disable), (72 bytes).
    Removing gpio.o(i.hal_gpioin_register), (64 bytes).
    Removing gpio.o(i.hal_gpioin_unregister), (36 bytes).
    Removing gpio.o(i.hal_gpioretention_register), (36 bytes).
    Removing gpio.o(i.hal_gpioretention_unregister), (36 bytes).
    Removing timer.o(.rev16_text), (4 bytes).
    Removing timer.o(.revsh_text), (4 bytes).
    Removing timer.o(i.__NVIC_DisableIRQ), (32 bytes).
    Removing timer.o(i.__NVIC_EnableIRQ), (24 bytes).
    Removing timer.o(i.__NVIC_SetPriority), (68 bytes).
    Removing timer.o(i.hal_timer_deinit), (20 bytes).
    Removing timer.o(i.hal_timer_init), (44 bytes).
    Removing timer.o(i.hal_timer_mask_int), (36 bytes).
    Removing timer.o(i.hal_timer_set), (104 bytes).
    Removing timer.o(i.hal_timer_set_loadtimer), (22 bytes).
    Removing timer.o(i.hal_timer_sleep_handler), (20 bytes).
    Removing timer.o(i.hal_timer_stop), (72 bytes).
    Removing timer.o(i.hal_timer_stop_counter), (10 bytes).
    Removing timer.o(i.hal_timer_wakeup_handler), (20 bytes).
    Removing timer.o(.constdata), (8 bytes).
    Removing pwrmgr.o(.rev16_text), (4 bytes).
    Removing pwrmgr.o(.revsh_text), (4 bytes).
    Removing pwrmgr.o(_section_standby_code_), (212 bytes).
    Removing pwrmgr.o(i.hal_pwrmgr_LowCurrentLdo_disable), (20 bytes).
    Removing pwrmgr.o(i.hal_pwrmgr_RAM_retention_clr), (20 bytes).
    Removing pwrmgr.o(i.hal_pwrmgr_clk_gate_config), (40 bytes).
    Removing pwrmgr.o(i.hal_pwrmgr_is_lock), (84 bytes).
    Removing pwrmgr.o(i.hal_pwrmgr_poweroff), (64 bytes).
    Removing pwrmgr.o(i.hal_pwrmgr_unregister), (72 bytes).
    Removing pwrmgr.o(_section_standby_code_), (4 bytes).
    Removing my_printf.o(.rev16_text), (4 bytes).
    Removing my_printf.o(.revsh_text), (4 bytes).
    Removing my_printf.o(i._uart_putc), (14 bytes).
    Removing my_printf.o(i.dbg_printf), (28 bytes).
    Removing my_printf.o(i.dbg_printf_init), (20 bytes).
    Removing my_printf.o(i.log_vsprintf), (616 bytes).
    Removing my_printf.o(i.number), (360 bytes).
    Removing my_printf.o(i.skip_atoi), (32 bytes).
    Removing my_printf.o(.constdata), (16 bytes).
    Removing my_printf.o(.conststring), (77 bytes).
    Removing my_printf.o(.data), (8 bytes).
    Removing cliface.o(i.CLI_init), (4 bytes).
    Removing cliface.o(i.CLI_process_line), (164 bytes).
    Removing cliface.o(i.CLI_strtoarray), (156 bytes).
    Removing cliface.o(i.CLI_strtoarray_le), (156 bytes).
    Removing cliface.o(i.CLI_strtoi), (100 bytes).
    Removing key.o(.rev16_text), (4 bytes).
    Removing key.o(.revsh_text), (4 bytes).
    Removing key.o(i.gpio_key_timer_handler), (36 bytes).
    Removing key.o(i.key_init), (76 bytes).
    Removing key.o(i.key_press_debonce_timer_handler), (112 bytes).
    Removing key.o(i.key_release_debonce_timer_handler), (100 bytes).
    Removing key.o(i.key_timer_start), (24 bytes).
    Removing key.o(i.pin_event_handler), (168 bytes).
    Removing key.o(.bss), (20 bytes).
    Removing pwm.o(.rev16_text), (4 bytes).
    Removing pwm.o(.revsh_text), (4 bytes).
    Removing pwm.o(i.hal_pwm_ch_enable), (12 bytes).
    Removing pwm.o(i.hal_pwm_ch_reg), (24 bytes).
    Removing pwm.o(i.hal_pwm_ch_start), (124 bytes).
    Removing pwm.o(i.hal_pwm_ch_stop), (36 bytes).
    Removing pwm.o(i.hal_pwm_close_channel), (48 bytes).
    Removing pwm.o(i.hal_pwm_module_deinit), (72 bytes).
    Removing osal_snv.o(.rev16_text), (4 bytes).
    Removing osal_snv.o(.revsh_text), (4 bytes).
    Removing osal_snv.o(i.osal_snv_init), (4 bytes).
    Removing flash.o(.rev16_text), (4 bytes).
    Removing flash.o(.revsh_text), (4 bytes).
    Removing flash.o(i.flash_write_word), (18 bytes).
    Removing flash.o(i.hal_flash_erase_all), (96 bytes).
    Removing flash.o(i.hal_flash_erase_block64), (96 bytes).
    Removing flash.o(i.hal_flash_read), (84 bytes).
    Removing flash.o(i.hal_flash_write_by_dma), (156 bytes).
    Removing fs.o(.rev16_text), (4 bytes).
    Removing fs.o(.revsh_text), (4 bytes).
    Removing fs.o(i.check_addr), (32 bytes).
    Removing fs.o(i.fs_init), (332 bytes).
    Removing fs.o(i.fs_search_items), (372 bytes).
    Removing fs.o(i.fs_spif_read), (44 bytes).
    Removing fs.o(i.fs_spif_write), (64 bytes).
    Removing fs.o(i.hal_fs_format), (76 bytes).
    Removing fs.o(i.hal_fs_garbage_collect), (264 bytes).
    Removing fs.o(i.hal_fs_get_free_size), (72 bytes).
    Removing fs.o(i.hal_fs_get_garbage_size), (56 bytes).
    Removing fs.o(i.hal_fs_init), (40 bytes).
    Removing fs.o(i.hal_fs_initialized), (12 bytes).
    Removing fs.o(i.hal_fs_item_del), (164 bytes).
    Removing fs.o(i.hal_fs_item_find_id), (36 bytes).
    Removing fs.o(i.hal_fs_item_read), (172 bytes).
    Removing fs.o(i.hal_fs_item_write), (328 bytes).
    Removing fs.o(.bss), (20 bytes).
    Removing fs.o(.data), (8 bytes).
    Removing central.o(.rev16_text), (4 bytes).
    Removing central.o(.revsh_text), (4 bytes).
    Removing central.o(i.GAPCentralRole_CancelDiscovery), (16 bytes).
    Removing central.o(i.GAPCentralRole_CancelRssi), (68 bytes).
    Removing central.o(i.GAPCentralRole_EstablishLink), (40 bytes).
    Removing central.o(i.GAPCentralRole_GetParameter), (84 bytes).
    Removing central.o(i.GAPCentralRole_Init), (52 bytes).
    Removing central.o(i.GAPCentralRole_ProcessEvent), (60 bytes).
    Removing central.o(i.GAPCentralRole_SetParameter), (96 bytes).
    Removing central.o(i.GAPCentralRole_StartDevice), (44 bytes).
    Removing central.o(i.GAPCentralRole_StartDiscovery), (28 bytes).
    Removing central.o(i.GAPCentralRole_StartRssi), (108 bytes).
    Removing central.o(i.GAPCentralRole_TerminateLink), (20 bytes).
    Removing central.o(i.GAPCentralRole_UpdateLink), (18 bytes).
    Removing central.o(i.gapCentralRole_ProcessGAPMsg), (112 bytes).
    Removing central.o(i.gapCentralRole_ProcessOSALMsg), (128 bytes).
    Removing central.o(i.gapCentralRole_RssiFind), (40 bytes).
    Removing central.o(i.gapCentralRole_timerCB), (40 bytes).
    Removing central.o(.bss), (56 bytes).
    Removing central.o(.data), (18 bytes).
    Removing gap.o(.rev16_text), (4 bytes).
    Removing gap.o(.revsh_text), (4 bytes).
    Removing gapbondmgr.o(.rev16_text), (4 bytes).
    Removing gapbondmgr.o(.revsh_text), (4 bytes).
    Removing gapbondmgr.o(i.GAPBondMgr_CheckNVLen), (56 bytes).
    Removing gapbondmgr.o(i.GAPBondMgr_GetParameter), (140 bytes).
    Removing gapbondmgr.o(i.GAPBondMgr_PasscodeRsp), (48 bytes).
    Removing gapgattserver.o(.rev16_text), (4 bytes).
    Removing gapgattserver.o(.revsh_text), (4 bytes).
    Removing gapgattserver.o(i.GGS_DelService), (28 bytes).
    Removing gapgattserver.o(i.GGS_GetParamValue), (4 bytes).
    Removing gapgattserver.o(i.GGS_GetParameter), (68 bytes).
    Removing gapgattserver.o(i.GGS_RegisterAppCBs), (12 bytes).
    Removing gapgattserver.o(i.GGS_SetParamValue), (2 bytes).
    Removing peripheral.o(.rev16_text), (4 bytes).
    Removing peripheral.o(.revsh_text), (4 bytes).
    Removing peripheral.o(i.GAPRole_RegisterAppCBs), (16 bytes).
    Removing gattservapp.o(.rev16_text), (4 bytes).
    Removing gattservapp.o(.revsh_text), (4 bytes).
    Removing gattservapp.o(i.GATTServApp_DelService), (28 bytes).
    Removing gattservapp.o(i.GATTServApp_DeregisterService), (76 bytes).
    Removing gattservapp.o(i.GATTServApp_FindAttr), (34 bytes).
    Removing gattservapp.o(i.GATTServApp_GetParamValue), (4 bytes).
    Removing gattservapp.o(i.GATTServApp_GetParameter), (24 bytes).
    Removing gattservapp.o(i.GATTServApp_ProcessCharCfg), (164 bytes).
    Removing gattservapp.o(i.GATTServApp_SetParamValue), (2 bytes).
    Removing gattservapp.o(i.GATTServApp_SetParameter), (100 bytes).
    Removing gattservapp.o(i.gattServApp_RegisterCB), (12 bytes).
    Removing ota_app_service.o(.rev16_text), (4 bytes).
    Removing ota_app_service.o(.revsh_text), (4 bytes).
    Removing ota_app_service.o(i.handleConnStatusCB), (72 bytes).
    Removing ota_app_service.o(i.ota_ReadAttrCB), (12 bytes).
    Removing ota_app_service.o(i.ota_WriteAttrCB), (132 bytes).
    Removing ota_app_service.o(i.ota_app_AddService), (84 bytes).
    Removing ota_app_service.o(i.ota_disconnect_link), (20 bytes).
    Removing ota_app_service.o(i.ota_vendor_module_StartOTA), (36 bytes).
    Removing ota_app_service.o(i.ota_vendor_module_Version), (44 bytes).
    Removing ota_app_service.o(i.process_cmd), (228 bytes).
    Removing ota_app_service.o(i.response), (108 bytes).
    Removing ota_app_service.o(i.set_ota_mode), (24 bytes).
    Removing ota_app_service.o(.bss), (36 bytes).
    Removing ota_app_service.o(.constdata), (16 bytes).
    Removing ota_app_service.o(.constdata), (16 bytes).
    Removing ota_app_service.o(.constdata), (16 bytes).
    Removing ota_app_service.o(.constdata), (8 bytes).
    Removing ota_app_service.o(.constdata), (12 bytes).
    Removing ota_app_service.o(.data), (1 bytes).
    Removing ota_app_service.o(.data), (1 bytes).
    Removing ota_app_service.o(.data), (1 bytes).
    Removing ota_app_service.o(.data), (1 bytes).
    Removing ota_app_service.o(.data), (104 bytes).
    Removing devinfoservice.o(.rev16_text), (4 bytes).
    Removing devinfoservice.o(.revsh_text), (4 bytes).
    Removing devinfoservice.o(i.DevInfo_GetParameter), (112 bytes).
    Removing jump_table.o(.rev16_text), (4 bytes).
    Removing jump_table.o(.revsh_text), (4 bytes).
    Removing osal_pwm_light.o(.rev16_text), (4 bytes).
    Removing osal_pwm_light.o(.revsh_text), (4 bytes).
    Removing pwmdemo.o(.rev16_text), (4 bytes).
    Removing pwmdemo.o(.revsh_text), (4 bytes).
    Removing pwmservice.o(.rev16_text), (4 bytes).
    Removing pwmservice.o(.revsh_text), (4 bytes).
    Removing pwmservice.o(i.PWM_Light_Notify), (84 bytes).
    Removing pwmservice.o(.constdata), (2 bytes).
    Removing color_mode.o(.rev16_text), (4 bytes).
    Removing color_mode.o(.revsh_text), (4 bytes).
    Removing color_mode.o(i.CRC16_XMODEM), (52 bytes).
    Removing color_mode.o(.data), (336 bytes).
    Removing startup_armcm0.o(HEAP), (512 bytes).
    Removing system_armcm0.o(.rev16_text), (4 bytes).
    Removing system_armcm0.o(.revsh_text), (4 bytes).
    Removing system_armcm0.o(i.SystemCoreClockUpdate), (16 bytes).
    Removing patch.o(.rev16_text), (4 bytes).
    Removing patch.o(.revsh_text), (4 bytes).
    Removing patch.o(i.HCI_LE_SetHostChanClassificationCmd), (88 bytes).
    Removing patch.o(i.LL_PLUS_GetCurrentPduDle), (56 bytes).
    Removing patch.o(i.LL_PLUS_GetCurrentRSSI), (22 bytes).
    Removing patch.o(i.LL_PLUS_LoadMACFromFlash), (48 bytes).
    Removing patch.o(i.LOG_PATCH_DATA_TIME), (76 bytes).
    Removing patch.o(i.l2capPocessFragmentTxData), (2 bytes).
    Removing patch.o(i.ll_scheduler1), (700 bytes).
    Removing patch.o(i.osal_memory_statics), (192 bytes).
    Removing patch.o(i.pplus_enter_programming_mode), (116 bytes).
    Removing patch.o(i.rflib_vesion), (18 bytes).
    Removing patch.o(.constdata), (21 bytes).
    Removing rf_phy_driver.o(.rev16_text), (4 bytes).
    Removing rf_phy_driver.o(.revsh_text), (4 bytes).
    Removing rf_phy_driver.o(i.DTM_UART_IRQHandler), (80 bytes).
    Removing rf_phy_driver.o(i.gen_pn_prbs9), (116 bytes).
    Removing rf_phy_driver.o(i.rf_phy_direct_test), (868 bytes).
    Removing rf_phy_driver.o(i.rf_phy_dtm_ble_pkt_gen), (132 bytes).
    Removing rf_phy_driver.o(i.rf_phy_dtm_cmd_parse), (836 bytes).
    Removing rf_phy_driver.o(i.rf_phy_dtm_evt_send), (236 bytes).
    Removing rf_phy_driver.o(i.rf_phy_dtm_trigged), (824 bytes).
    Removing rf_phy_driver.o(i.rf_phy_dtm_zigbee_pkt_gen), (120 bytes).
    Removing rf_phy_driver.o(i.rf_phy_get_pktFoot), (48 bytes).
    Removing rf_phy_driver.o(i.rf_phy_get_pktFoot_fromPkt), (38 bytes).
    Removing rf_phy_driver.o(i.rf_tpCal_cfg), (56 bytes).
    Removing rf_phy_driver.o(i.rf_tpCal_cfg_avg), (192 bytes).
    Removing rf_phy_driver.o(.bss), (32 bytes).
    Removing rf_phy_driver.o(.data), (8 bytes).
    Removing att_server.o(.rev16_text), (4 bytes).
    Removing att_server.o(.revsh_text), (4 bytes).
    Removing att_util.o(.rev16_text), (4 bytes).
    Removing att_util.o(.revsh_text), (4 bytes).
    Removing att_util.o(i.ATT_BuildExchangeMTUReq), (14 bytes).
    Removing att_util.o(i.ATT_BuildExecuteWriteReq), (8 bytes).
    Removing att_util.o(i.ATT_BuildFindByTypeValueReq), (62 bytes).
    Removing att_util.o(i.ATT_BuildFindInfoReq), (24 bytes).
    Removing att_util.o(i.ATT_BuildPrepareWriteReq), (40 bytes).
    Removing att_util.o(i.ATT_BuildReadBlobReq), (24 bytes).
    Removing att_util.o(i.ATT_BuildReadByTypeReq), (40 bytes).
    Removing att_util.o(i.ATT_BuildReadMultiReq), (40 bytes).
    Removing att_util.o(i.ATT_BuildReadReq), (14 bytes).
    Removing att_util.o(i.ATT_BuildWriteReq), (30 bytes).
    Removing att_util.o(i.ATT_ConvertUUIDto16), (68 bytes).
    Removing att_util.o(i.ATT_GetParamValue), (4 bytes).
    Removing att_util.o(i.ATT_ParseErrorRsp), (30 bytes).
    Removing att_util.o(i.ATT_ParseExchangeMTURsp), (22 bytes).
    Removing att_util.o(i.ATT_ParseExecuteWriteRsp), (12 bytes).
    Removing att_util.o(i.ATT_ParseFindByTypeValueRsp), (76 bytes).
    Removing att_util.o(i.ATT_ParseFindInfoRsp), (156 bytes).
    Removing att_util.o(i.ATT_ParseHandleValueCfm), (12 bytes).
    Removing att_util.o(i.ATT_ParseHandleValueInd), (46 bytes).
    Removing att_util.o(i.ATT_ParsePrepareWriteRsp), (60 bytes).
    Removing att_util.o(i.ATT_ParseReadBlobRsp), (32 bytes).
    Removing att_util.o(i.ATT_ParseReadByGrpTypeRsp), (56 bytes).
    Removing att_util.o(i.ATT_ParseReadByTypeRsp), (56 bytes).
    Removing att_util.o(i.ATT_ParseReadMultiRsp), (32 bytes).
    Removing att_util.o(i.ATT_ParseReadRsp), (30 bytes).
    Removing att_util.o(i.ATT_ParseWriteRsp), (12 bytes).
    Removing att_util.o(i.ATT_SetMTUSizeMax), (44 bytes).
    Removing att_util.o(i.ATT_SetParamValue), (2 bytes).
    Removing gap_centdevmgr.o(.rev16_text), (4 bytes).
    Removing gap_centdevmgr.o(.revsh_text), (4 bytes).
    Removing gap_centdevmgr.o(i.GAP_CentConnRegister), (32 bytes).
    Removing gap_centdevmgr.o(i.GAP_CentDevMgrInit), (60 bytes).
    Removing gap_centdevmgr.o(i.GAP_DeviceDiscoveryCancel), (56 bytes).
    Removing gap_centdevmgr.o(i.GAP_DeviceDiscoveryRequest), (156 bytes).
    Removing gap_centdevmgr.o(i.gapAllocScanRecs), (72 bytes).
    Removing gap_centdevmgr.o(i.gapCentProcessHCICmdEvt), (44 bytes).
    Removing gap_centdevmgr.o(i.gapFindScanRec), (76 bytes).
    Removing gap_centdevmgr.o(i.gapFreeScanRecs), (132 bytes).
    Removing gap_centdevmgr.o(i.gapProcessAdvertDevInfo), (316 bytes).
    Removing gap_centdevmgr.o(i.gapProcessConnEvt), (68 bytes).
    Removing gap_centdevmgr.o(i.gapProcessScanningEvt), (96 bytes).
    Removing gap_centdevmgr.o(i.gapSendDevDiscEvent), (208 bytes).
    Removing gap_centdevmgr.o(i.gapSendDeviceInfoEvent), (104 bytes).
    Removing gap_centdevmgr.o(i.gapSendScanEnable), (28 bytes).
    Removing gap_centdevmgr.o(i.gapSetScanParamStatus), (80 bytes).
    Removing gap_centdevmgr.o(.data), (24 bytes).
    Removing gap_centlinkmgr.o(.rev16_text), (4 bytes).
    Removing gap_centlinkmgr.o(.revsh_text), (4 bytes).
    Removing gap_centlinkmgr.o(i.GAP_EstablishLinkReq), (252 bytes).
    Removing gap_centlinkmgr.o(i.GAP_UpdateLinkParamReq), (80 bytes).
    Removing gap_centlinkmgr.o(i.gapCancelLinkReq), (60 bytes).
    Removing gap_centlinkmgr.o(i.gapProcessConnUpdateCmdStatus), (20 bytes).
    Removing gap_centlinkmgr.o(i.gapProcessCreateLLConnCmdStatus), (52 bytes).
    Removing gap_centlinkmgr.o(i.gapProcessL2CAPSignalEvt), (94 bytes).
    Removing gap_centlinkmgr.o(i.gapTerminateConnComplete), (8 bytes).
    Removing gap_configmgr.o(.rev16_text), (4 bytes).
    Removing gap_configmgr.o(.revsh_text), (4 bytes).
    Removing gap_configmgr.o(i.GAP_ConfigDeviceAddr), (252 bytes).
    Removing gap_configmgr.o(i.gapSendSlaveSecurityReqEvent), (58 bytes).
    Removing gap_devmgr.o(.rev16_text), (4 bytes).
    Removing gap_devmgr.o(.revsh_text), (4 bytes).
    Removing gap_devmgr.o(i.gapIsScanning), (16 bytes).
    Removing gap_linkmgr.o(.rev16_text), (4 bytes).
    Removing gap_linkmgr.o(.revsh_text), (4 bytes).
    Removing gap_linkmgr.o(i.GAP_PasskeyUpdate), (52 bytes).
    Removing gap_linkmgr.o(i.gapRegisterCentralConn), (12 bytes).
    Removing gap_peridevmgr.o(.rev16_text), (4 bytes).
    Removing gap_peridevmgr.o(.revsh_text), (4 bytes).
    Removing gap_peridevmgr.o(i.GAP_GetAdvToken), (32 bytes).
    Removing gap_peridevmgr.o(i.GAP_RemoveAdvToken), (28 bytes).
    Removing gap_peridevmgr.o(i.GAP_SetAdvToken), (100 bytes).
    Removing gap_peridevmgr.o(i.GAP_UpdateAdvTokens), (28 bytes).
    Removing gap_peridevmgr.o(i.gapAddAdvToken), (60 bytes).
    Removing gap_peridevmgr.o(i.gapBuildADTokens), (200 bytes).
    Removing gap_peridevmgr.o(i.gapCalcAdvTokenDataLen), (64 bytes).
    Removing gap_peridevmgr.o(i.gapDeleteAdvToken), (60 bytes).
    Removing gap_peridevmgr.o(i.gapFindAdvToken), (28 bytes).
    Removing gap_perilinkmgr.o(.rev16_text), (4 bytes).
    Removing gap_perilinkmgr.o(.revsh_text), (4 bytes).
    Removing gap_task.o(.rev16_text), (4 bytes).
    Removing gap_task.o(.revsh_text), (4 bytes).
    Removing gap_task.o(i.gapRegisterCentral), (12 bytes).
    Removing gatt_server.o(.rev16_text), (4 bytes).
    Removing gatt_server.o(.revsh_text), (4 bytes).
    Removing gatt_server.o(i.GATT_DeregisterService), (76 bytes).
    Removing gatt_server.o(i.GATT_SetNextHandle), (2 bytes).
    Removing gatt_task.o(.rev16_text), (4 bytes).
    Removing gatt_task.o(.revsh_text), (4 bytes).
    Removing gatt_task.o(i.GATT_SetHostToAppFlowCtrl), (18 bytes).
    Removing gatt_task.o(i.gattRegisterClient), (12 bytes).
    Removing gatt_uuid.o(.rev16_text), (4 bytes).
    Removing gatt_uuid.o(.revsh_text), (4 bytes).
    Removing gatt_uuid.o(i.GATT_FindUUIDRec), (276 bytes).
    Removing l2cap_if.o(.rev16_text), (4 bytes).
    Removing l2cap_if.o(.revsh_text), (4 bytes).
    Removing l2cap_if.o(i.L2CAP_ConnParamUpdateRsp), (24 bytes).
    Removing l2cap_if.o(i.L2CAP_EchoReq), (40 bytes).
    Removing l2cap_if.o(i.L2CAP_InfoReq), (24 bytes).
    Removing l2cap_if.o(i.L2CAP_SetControllerToHostFlowCtrl), (52 bytes).
    Removing l2cap_if.o(i.L2CAP_SetControllerToHostFlowCtrl_DLE), (64 bytes).
    Removing l2cap_task.o(.rev16_text), (4 bytes).
    Removing l2cap_task.o(.revsh_text), (4 bytes).
    Removing linkdb.o(.rev16_text), (4 bytes).
    Removing linkdb.o(.revsh_text), (4 bytes).
    Removing linkdb.o(i.linkDB_Update), (34 bytes).
    Removing sm_rsppairing.o(.rev16_text), (4 bytes).
    Removing sm_rsppairing.o(.revsh_text), (4 bytes).
    Removing sm_task.o(.rev16_text), (4 bytes).
    Removing sm_task.o(.revsh_text), (4 bytes).
    Removing gattservapp_simple_chsys_1.o(.rev16_text), (4 bytes).
    Removing gattservapp_simple_chsys_1.o(.revsh_text), (4 bytes).
    Removing phy_sec_ext.o(.rev16_text), (4 bytes).
    Removing phy_sec_ext.o(.revsh_text), (4 bytes).
    Removing phy_sec_ext.o(i.finidv), (4 bytes).
    Removing phy_sec_ext.o(i.verify_mic), (4 bytes).
    Removing phy_sec_ext.o(.conststring), (17 bytes).
    Removing phy_sec_ext.o(.data), (4 bytes).
    Removing phy_sec_ext.o(.data), (1 bytes).
    Removing phy_sec_ext.o(.data), (1 bytes).
    Removing phy_sec_ext.o(.data), (1 bytes).
    Removing l2cap_util.o(.rev16_text), (4 bytes).
    Removing l2cap_util.o(.revsh_text), (4 bytes).
    Removing l2cap_util.o(i.L2CAP_BuildInfoRsp), (68 bytes).
    Removing l2cap_util.o(i.L2CAP_BuildParamUpdateRsp), (14 bytes).
    Removing l2cap_util.o(i.L2CAP_ExtendFramgents_Config), (12 bytes).
    Removing l2cap_util.o(i.L2CAP_ParseInfoReq), (22 bytes).
    Removing l2cap_util.o(i.l2capBuildEchoReq), (28 bytes).
    Removing l2cap_util.o(i.l2capBuildEchoRsp), (26 bytes).
    Removing l2cap_util.o(i.l2capBuildInfoReq), (14 bytes).
    Removing l2cap_util.o(i.l2capParseEchoRsp), (48 bytes).
    Removing l2cap_util.o(i.l2capParseInfoRsp), (96 bytes).
    Removing sm_mgr.o(.rev16_text), (4 bytes).
    Removing sm_mgr.o(.revsh_text), (4 bytes).
    Removing sm_mgr.o(i.SM_Encrypt), (68 bytes).
    Removing sm_mgr.o(i.SM_NewRandKey), (60 bytes).
    Removing sm_mgr.o(i.smInProcess), (16 bytes).
    Removing sm_mgr.o(i.sm_d1), (60 bytes).
    Removing sm_mgr.o(i.sm_dm), (62 bytes).
    Removing sm_pairing.o(.rev16_text), (4 bytes).
    Removing sm_pairing.o(.revsh_text), (4 bytes).
    Removing sm_pairing.o(i.smRegisterInitiator), (12 bytes).
    Removing smp.o(.rev16_text), (4 bytes).
    Removing smp.o(.revsh_text), (4 bytes).
    Removing dadd.o(.text), (356 bytes).
    Removing dmul.o(.text), (208 bytes).
    Removing ddiv.o(.text), (240 bytes).
    Removing dfixul.o(.text), (64 bytes).
    Removing cdrcmple.o(.text), (40 bytes).
    Removing depilogue.o(.text), (190 bytes).
    Removing patch.o(i.__psr), (6 bytes).
    Removing depilogue.o(i.__ARM_clz), (46 bytes).

400 unused section(s) (total 23761 bytes) removed from the image.
